ARM Linker, RVCT4.0 [Build 524] for uVision [Standard]

==============================================================================

Section Cross References

    startup_stm32f10x_hd.o(RESET) refers to startup_stm32f10x_hd.o(.text) for Reset_Handler
    startup_stm32f10x_hd.o(RESET) refers to exti.o(.text) for EXTI2_IRQHandler
    startup_stm32f10x_hd.o(RESET) refers to timer.o(.text) for TIM3_IRQHandler
    startup_stm32f10x_hd.o(RESET) refers to usart.o(.text) for USART1_IRQHandler
    startup_stm32f10x_hd.o(.text) refers to startup_stm32f10x_hd.o(STACK) for __initial_sp
    startup_stm32f10x_hd.o(.text) refers to entry.o(.ARM.Collect$$$$00000000) for __main
    test.o(.text) refers to ili93xx.o(.text) for LCD_Scan_Dir
    test.o(.text) refers to memseta.o(.text) for __aeabi_memclr4
    test.o(.text) refers to delay.o(.text) for delay_ms
    test.o(.text) refers to test.o(.data) for Quadrant2
    test.o(.text) refers to exti.o(.data) for ov_sta
    test.o(.text) refers to timer.o(.data) for ov_frame
    test.o(.text) refers to ili93xx.o(.data) for POINT_COLOR
    test.o(.text) refers to usart.o(.data) for USART2_RX_STA
    test.o(.text) refers to printf6.o(i.__0sprintf$6) for __2sprintf
    test.o(.text) refers to printf6.o(i.__0printf$6) for __2printf
    test.o(.text) refers to motor.o(.text) for MOTOR_Control
    test.o(.text) refers to sys.o(.text) for Stm32_Clock_Init
    test.o(.text) refers to usart.o(.text) for uart_init
    test.o(.text) refers to key.o(.text) for KEY_Init
    test.o(.text) refers to cont.o(.text) for CONT_Init
    test.o(.text) refers to timer.o(.text) for TIM3_Init
    test.o(.text) refers to ov7670.o(.text) for OV7670_Init
    test.o(.text) refers to pid.o(.text) for PIDInit
    test.o(.text) refers to usart.o(.bss) for USART2_RX_BUF
    test.o(.text) refers to test.o(.bss) for .bss
    test.o(.text) refers to ili93xx.o(.bss) for lcddev
    test.o(.text) refers to exti.o(.text) for EXTI8_Init
    pid.o(.text) refers to memseta.o(.text) for __aeabi_memclr4
    delay.o(.text) refers to delay.o(.data) for .data
    sys.o(.text) refers to sys.o(.emb_text) for WFI_SET
    usart.o(.text) refers to ffltui.o(.text) for __aeabi_ui2f
    usart.o(.text) refers to fdiv.o(.text) for __aeabi_fdiv
    usart.o(.text) refers to ffixui.o(.text) for __aeabi_f2uiz
    usart.o(.text) refers to fadd.o(.text) for __aeabi_frsub
    usart.o(.text) refers to fmul.o(.text) for __aeabi_fmul
    usart.o(.text) refers to sys.o(.text) for MY_NVIC_Init
    usart.o(.text) refers to usart.o(.data) for USART1_RX_STA
    usart.o(.text) refers to usart.o(.bss) for USART1_RX_BUF
    key.o(.text) refers to delay.o(.text) for delay_ms
    key.o(.text) refers to key.o(.data) for .data
    exti.o(.text) refers to delay.o(.text) for delay_ms
    exti.o(.text) refers to key.o(.text) for KEY_Init
    exti.o(.text) refers to sys.o(.text) for Ex_NVIC_Config
    exti.o(.text) refers to exti.o(.data) for ov_sta
    timer.o(.text) refers to sys.o(.text) for MY_NVIC_Init
    timer.o(.text) refers to timer.o(.data) for PWM1
    ili93xx.o(.text) refers to delay.o(.text) for delay_us
    ili93xx.o(.text) refers to ili93xx.o(.bss) for lcddev
    ili93xx.o(.text) refers to ili93xx.o(.data) for POINT_COLOR
    ili93xx.o(.text) refers to ili93xx.o(.constdata) for asc2_1206
    myiic.o(.text) refers to delay.o(.text) for delay_us
    24cxx.o(.text) refers to myiic.o(.text) for IIC_Init
    24cxx.o(.text) refers to delay.o(.text) for delay_ms
    touch.o(.text) refers to delay.o(.text) for delay_us
    touch.o(.text) refers to ili93xx.o(.text) for LCD_DrawLine
    touch.o(.text) refers to fflti.o(.text) for __aeabi_i2f
    touch.o(.text) refers to ffltui.o(.text) for __aeabi_ui2f
    touch.o(.text) refers to fmul.o(.text) for __aeabi_fmul
    touch.o(.text) refers to fadd.o(.text) for __aeabi_fadd
    touch.o(.text) refers to ffixui.o(.text) for __aeabi_f2uiz
    touch.o(.text) refers to ffixi.o(.text) for __aeabi_f2iz
    touch.o(.text) refers to 24cxx.o(.text) for AT24CXX_WriteLenByte
    touch.o(.text) refers to touch.o(.data) for CMD_RDX
    touch.o(.text) refers to ili93xx.o(.data) for POINT_COLOR
    touch.o(.text) refers to fdiv.o(.text) for __aeabi_fdiv
    touch.o(.text) refers to dfltui.o(.text) for __aeabi_ui2d
    touch.o(.text) refers to sqrt.o(i.sqrt) for sqrt
    touch.o(.text) refers to dfixui.o(.text) for __aeabi_d2uiz
    touch.o(.text) refers to f2d.o(.text) for __aeabi_f2d
    touch.o(.text) refers to ili93xx.o(.bss) for lcddev
    touch.o(.text) refers to cdcmple.o(.text) for __aeabi_cdcmple
    touch.o(.text) refers to cdrcmple.o(.text) for __aeabi_cdrcmple
    touch.o(.data) refers to touch.o(.text) for TP_Init
    touch.o(.data) refers to touch.o(.conststring) for .conststring
    ov7670.o(.text) refers to sys.o(.text) for JTAG_Set
    ov7670.o(.text) refers to sccb.o(.text) for SCCB_Init
    ov7670.o(.text) refers to delay.o(.text) for delay_ms
    ov7670.o(.text) refers to ov7670.o(.constdata) for ov7670_init_reg_tbl
    sccb.o(.text) refers to delay.o(.text) for delay_us
    motor.o(.text) refers to timer.o(.data) for PWM1
    sqrt.o(i.__softfp_sqrt) refers (Special) to iusefp.o(.text) for __I$use$fp
    sqrt.o(i.__softfp_sqrt) refers to sqrt.o(i.sqrt) for sqrt
    sqrt.o(i.sqrt) refers (Special) to iusefp.o(.text) for __I$use$fp
    sqrt.o(i.sqrt) refers to cdcmple.o(.text) for __aeabi_cdcmple
    sqrt.o(i.sqrt) refers to errno.o(i.__set_errno) for __set_errno
    sqrt.o(i.sqrt) refers to dsqrt.o(.text) for _dsqrt
    entry.o(.ARM.Collect$$$$00000000) refers (Special) to entry7.o(.ARM.Collect$$$$00000007) for _main_init
    entry.o(.ARM.Collect$$$$00000000) refers (Special) to entry5.o(.ARM.Collect$$$$00000004) for _main_scatterload
    entry.o(.ARM.Collect$$$$00000000) refers (Special) to entry2.o(.ARM.Collect$$$$00000001) for _main_stk
    printfb.o(i.__0fprintf$bare) refers to printfb.o(i._printf_core) for _printf_core
    printfb.o(i.__0fprintf$bare) refers to usart.o(.text) for fputc
    printfb.o(i.__0printf$bare) refers to printfb.o(i._printf_core) for _printf_core
    printfb.o(i.__0printf$bare) refers to usart.o(.text) for fputc
    printfb.o(i.__0printf$bare) refers to usart.o(.data) for __stdout
    printfb.o(i.__0snprintf$bare) refers to printfb.o(i._printf_core) for _printf_core
    printfb.o(i.__0snprintf$bare) refers to printfb.o(i._snputc) for _snputc
    printfb.o(i.__0sprintf$bare) refers to printfb.o(i._printf_core) for _printf_core
    printfb.o(i.__0sprintf$bare) refers to printfb.o(i._sputc) for _sputc
    printfb.o(i.__0vfprintf$bare) refers to printfb.o(i._printf_core) for _printf_core
    printfb.o(i.__0vfprintf$bare) refers to usart.o(.text) for fputc
    printfb.o(i.__0vprintf$bare) refers to printfb.o(i._printf_core) for _printf_core
    printfb.o(i.__0vprintf$bare) refers to usart.o(.text) for fputc
    printfb.o(i.__0vprintf$bare) refers to usart.o(.data) for __stdout
    printfb.o(i.__0vsnprintf$bare) refers to printfb.o(i._printf_core) for _printf_core
    printfb.o(i.__0vsnprintf$bare) refers to printfb.o(i._snputc) for _snputc
    printfb.o(i.__0vsprintf$bare) refers to printfb.o(i._printf_core) for _printf_core
    printfb.o(i.__0vsprintf$bare) refers to printfb.o(i._sputc) for _sputc
    printf0.o(i.__0fprintf$0) refers to printf0.o(i._printf_core) for _printf_core
    printf0.o(i.__0fprintf$0) refers to usart.o(.text) for fputc
    printf0.o(i.__0printf$0) refers to printf0.o(i._printf_core) for _printf_core
    printf0.o(i.__0printf$0) refers to usart.o(.text) for fputc
    printf0.o(i.__0printf$0) refers to usart.o(.data) for __stdout
    printf0.o(i.__0snprintf$0) refers to printf0.o(i._printf_core) for _printf_core
    printf0.o(i.__0snprintf$0) refers to printf0.o(i._snputc) for _snputc
    printf0.o(i.__0sprintf$0) refers to printf0.o(i._printf_core) for _printf_core
    printf0.o(i.__0sprintf$0) refers to printf0.o(i._sputc) for _sputc
    printf0.o(i.__0vfprintf$0) refers to printf0.o(i._printf_core) for _printf_core
    printf0.o(i.__0vfprintf$0) refers to usart.o(.text) for fputc
    printf0.o(i.__0vprintf$0) refers to printf0.o(i._printf_core) for _printf_core
    printf0.o(i.__0vprintf$0) refers to usart.o(.text) for fputc
    printf0.o(i.__0vprintf$0) refers to usart.o(.data) for __stdout
    printf0.o(i.__0vsnprintf$0) refers to printf0.o(i._printf_core) for _printf_core
    printf0.o(i.__0vsnprintf$0) refers to printf0.o(i._snputc) for _snputc
    printf0.o(i.__0vsprintf$0) refers to printf0.o(i._printf_core) for _printf_core
    printf0.o(i.__0vsprintf$0) refers to printf0.o(i._sputc) for _sputc
    printf1.o(i.__0fprintf$1) refers to printf1.o(i._printf_core) for _printf_core
    printf1.o(i.__0fprintf$1) refers to usart.o(.text) for fputc
    printf1.o(i.__0printf$1) refers to printf1.o(i._printf_core) for _printf_core
    printf1.o(i.__0printf$1) refers to usart.o(.text) for fputc
    printf1.o(i.__0printf$1) refers to usart.o(.data) for __stdout
    printf1.o(i.__0snprintf$1) refers to printf1.o(i._printf_core) for _printf_core
    printf1.o(i.__0snprintf$1) refers to printf1.o(i._snputc) for _snputc
    printf1.o(i.__0sprintf$1) refers to printf1.o(i._printf_core) for _printf_core
    printf1.o(i.__0sprintf$1) refers to printf1.o(i._sputc) for _sputc
    printf1.o(i.__0vfprintf$1) refers to printf1.o(i._printf_core) for _printf_core
    printf1.o(i.__0vfprintf$1) refers to usart.o(.text) for fputc
    printf1.o(i.__0vprintf$1) refers to printf1.o(i._printf_core) for _printf_core
    printf1.o(i.__0vprintf$1) refers to usart.o(.text) for fputc
    printf1.o(i.__0vprintf$1) refers to usart.o(.data) for __stdout
    printf1.o(i.__0vsnprintf$1) refers to printf1.o(i._printf_core) for _printf_core
    printf1.o(i.__0vsnprintf$1) refers to printf1.o(i._snputc) for _snputc
    printf1.o(i.__0vsprintf$1) refers to printf1.o(i._printf_core) for _printf_core
    printf1.o(i.__0vsprintf$1) refers to printf1.o(i._sputc) for _sputc
    printf1.o(i._printf_core) refers to uidiv.o(.text) for __aeabi_uidivmod
    printf2.o(i.__0fprintf$2) refers to printf2.o(i._printf_core) for _printf_core
    printf2.o(i.__0fprintf$2) refers to usart.o(.text) for fputc
    printf2.o(i.__0printf$2) refers to printf2.o(i._printf_core) for _printf_core
    printf2.o(i.__0printf$2) refers to usart.o(.text) for fputc
    printf2.o(i.__0printf$2) refers to usart.o(.data) for __stdout
    printf2.o(i.__0snprintf$2) refers to printf2.o(i._printf_core) for _printf_core
    printf2.o(i.__0snprintf$2) refers to printf2.o(i._snputc) for _snputc
    printf2.o(i.__0sprintf$2) refers to printf2.o(i._printf_core) for _printf_core
    printf2.o(i.__0sprintf$2) refers to printf2.o(i._sputc) for _sputc
    printf2.o(i.__0vfprintf$2) refers to printf2.o(i._printf_core) for _printf_core
    printf2.o(i.__0vfprintf$2) refers to usart.o(.text) for fputc
    printf2.o(i.__0vprintf$2) refers to printf2.o(i._printf_core) for _printf_core
    printf2.o(i.__0vprintf$2) refers to usart.o(.text) for fputc
    printf2.o(i.__0vprintf$2) refers to usart.o(.data) for __stdout
    printf2.o(i.__0vsnprintf$2) refers to printf2.o(i._printf_core) for _printf_core
    printf2.o(i.__0vsnprintf$2) refers to printf2.o(i._snputc) for _snputc
    printf2.o(i.__0vsprintf$2) refers to printf2.o(i._printf_core) for _printf_core
    printf2.o(i.__0vsprintf$2) refers to printf2.o(i._sputc) for _sputc
    printf3.o(i.__0fprintf$3) refers to printf3.o(i._printf_core) for _printf_core
    printf3.o(i.__0fprintf$3) refers to usart.o(.text) for fputc
    printf3.o(i.__0printf$3) refers to printf3.o(i._printf_core) for _printf_core
    printf3.o(i.__0printf$3) refers to usart.o(.text) for fputc
    printf3.o(i.__0printf$3) refers to usart.o(.data) for __stdout
    printf3.o(i.__0snprintf$3) refers to printf3.o(i._printf_core) for _printf_core
    printf3.o(i.__0snprintf$3) refers to printf3.o(i._snputc) for _snputc
    printf3.o(i.__0sprintf$3) refers to printf3.o(i._printf_core) for _printf_core
    printf3.o(i.__0sprintf$3) refers to printf3.o(i._sputc) for _sputc
    printf3.o(i.__0vfprintf$3) refers to printf3.o(i._printf_core) for _printf_core
    printf3.o(i.__0vfprintf$3) refers to usart.o(.text) for fputc
    printf3.o(i.__0vprintf$3) refers to printf3.o(i._printf_core) for _printf_core
    printf3.o(i.__0vprintf$3) refers to usart.o(.text) for fputc
    printf3.o(i.__0vprintf$3) refers to usart.o(.data) for __stdout
    printf3.o(i.__0vsnprintf$3) refers to printf3.o(i._printf_core) for _printf_core
    printf3.o(i.__0vsnprintf$3) refers to printf3.o(i._snputc) for _snputc
    printf3.o(i.__0vsprintf$3) refers to printf3.o(i._printf_core) for _printf_core
    printf3.o(i.__0vsprintf$3) refers to printf3.o(i._sputc) for _sputc
    printf3.o(i._printf_core) refers to uidiv.o(.text) for __aeabi_uidivmod
    printf4.o(i.__0fprintf$4) refers to printf4.o(i._printf_core) for _printf_core
    printf4.o(i.__0fprintf$4) refers to usart.o(.text) for fputc
    printf4.o(i.__0printf$4) refers to printf4.o(i._printf_core) for _printf_core
    printf4.o(i.__0printf$4) refers to usart.o(.text) for fputc
    printf4.o(i.__0printf$4) refers to usart.o(.data) for __stdout
    printf4.o(i.__0snprintf$4) refers to printf4.o(i._printf_core) for _printf_core
    printf4.o(i.__0snprintf$4) refers to printf4.o(i._snputc) for _snputc
    printf4.o(i.__0sprintf$4) refers to printf4.o(i._printf_core) for _printf_core
    printf4.o(i.__0sprintf$4) refers to printf4.o(i._sputc) for _sputc
    printf4.o(i.__0vfprintf$4) refers to printf4.o(i._printf_core) for _printf_core
    printf4.o(i.__0vfprintf$4) refers to usart.o(.text) for fputc
    printf4.o(i.__0vprintf$4) refers to printf4.o(i._printf_core) for _printf_core
    printf4.o(i.__0vprintf$4) refers to usart.o(.text) for fputc
    printf4.o(i.__0vprintf$4) refers to usart.o(.data) for __stdout
    printf4.o(i.__0vsnprintf$4) refers to printf4.o(i._printf_core) for _printf_core
    printf4.o(i.__0vsnprintf$4) refers to printf4.o(i._snputc) for _snputc
    printf4.o(i.__0vsprintf$4) refers to printf4.o(i._printf_core) for _printf_core
    printf4.o(i.__0vsprintf$4) refers to printf4.o(i._sputc) for _sputc
    printf4.o(i._printf_core) refers to uldiv.o(.text) for __aeabi_uldivmod
    printf5.o(i.__0fprintf$5) refers to printf5.o(i._printf_core) for _printf_core
    printf5.o(i.__0fprintf$5) refers to usart.o(.text) for fputc
    printf5.o(i.__0printf$5) refers to printf5.o(i._printf_core) for _printf_core
    printf5.o(i.__0printf$5) refers to usart.o(.text) for fputc
    printf5.o(i.__0printf$5) refers to usart.o(.data) for __stdout
    printf5.o(i.__0snprintf$5) refers to printf5.o(i._printf_core) for _printf_core
    printf5.o(i.__0snprintf$5) refers to printf5.o(i._snputc) for _snputc
    printf5.o(i.__0sprintf$5) refers to printf5.o(i._printf_core) for _printf_core
    printf5.o(i.__0sprintf$5) refers to printf5.o(i._sputc) for _sputc
    printf5.o(i.__0vfprintf$5) refers to printf5.o(i._printf_core) for _printf_core
    printf5.o(i.__0vfprintf$5) refers to usart.o(.text) for fputc
    printf5.o(i.__0vprintf$5) refers to printf5.o(i._printf_core) for _printf_core
    printf5.o(i.__0vprintf$5) refers to usart.o(.text) for fputc
    printf5.o(i.__0vprintf$5) refers to usart.o(.data) for __stdout
    printf5.o(i.__0vsnprintf$5) refers to printf5.o(i._printf_core) for _printf_core
    printf5.o(i.__0vsnprintf$5) refers to printf5.o(i._snputc) for _snputc
    printf5.o(i.__0vsprintf$5) refers to printf5.o(i._printf_core) for _printf_core
    printf5.o(i.__0vsprintf$5) refers to printf5.o(i._sputc) for _sputc
    printf5.o(i._printf_core) refers to uldiv.o(.text) for __aeabi_uldivmod
    printf6.o(i.__0fprintf$6) refers to printf6.o(i._printf_core) for _printf_core
    printf6.o(i.__0fprintf$6) refers to usart.o(.text) for fputc
    printf6.o(i.__0printf$6) refers to printf6.o(i._printf_core) for _printf_core
    printf6.o(i.__0printf$6) refers to usart.o(.text) for fputc
    printf6.o(i.__0printf$6) refers to usart.o(.data) for __stdout
    printf6.o(i.__0snprintf$6) refers to printf6.o(i._printf_core) for _printf_core
    printf6.o(i.__0snprintf$6) refers to printf6.o(i._snputc) for _snputc
    printf6.o(i.__0sprintf$6) refers to printf6.o(i._printf_core) for _printf_core
    printf6.o(i.__0sprintf$6) refers to printf6.o(i._sputc) for _sputc
    printf6.o(i.__0vfprintf$6) refers to printf6.o(i._printf_core) for _printf_core
    printf6.o(i.__0vfprintf$6) refers to usart.o(.text) for fputc
    printf6.o(i.__0vprintf$6) refers to printf6.o(i._printf_core) for _printf_core
    printf6.o(i.__0vprintf$6) refers to usart.o(.text) for fputc
    printf6.o(i.__0vprintf$6) refers to usart.o(.data) for __stdout
    printf6.o(i.__0vsnprintf$6) refers to printf6.o(i._printf_core) for _printf_core
    printf6.o(i.__0vsnprintf$6) refers to printf6.o(i._snputc) for _snputc
    printf6.o(i.__0vsprintf$6) refers to printf6.o(i._printf_core) for _printf_core
    printf6.o(i.__0vsprintf$6) refers to printf6.o(i._sputc) for _sputc
    printf6.o(i._printf_core) refers to printf6.o(i._printf_pre_padding) for _printf_pre_padding
    printf6.o(i._printf_core) refers to uidiv.o(.text) for __aeabi_uidivmod
    printf6.o(i._printf_core) refers to printf6.o(i._printf_post_padding) for _printf_post_padding
    printf7.o(i.__0fprintf$7) refers to printf7.o(i._printf_core) for _printf_core
    printf7.o(i.__0fprintf$7) refers to usart.o(.text) for fputc
    printf7.o(i.__0printf$7) refers to printf7.o(i._printf_core) for _printf_core
    printf7.o(i.__0printf$7) refers to usart.o(.text) for fputc
    printf7.o(i.__0printf$7) refers to usart.o(.data) for __stdout
    printf7.o(i.__0snprintf$7) refers to printf7.o(i._printf_core) for _printf_core
    printf7.o(i.__0snprintf$7) refers to printf7.o(i._snputc) for _snputc
    printf7.o(i.__0sprintf$7) refers to printf7.o(i._printf_core) for _printf_core
    printf7.o(i.__0sprintf$7) refers to printf7.o(i._sputc) for _sputc
    printf7.o(i.__0vfprintf$7) refers to printf7.o(i._printf_core) for _printf_core
    printf7.o(i.__0vfprintf$7) refers to usart.o(.text) for fputc
    printf7.o(i.__0vprintf$7) refers to printf7.o(i._printf_core) for _printf_core
    printf7.o(i.__0vprintf$7) refers to usart.o(.text) for fputc
    printf7.o(i.__0vprintf$7) refers to usart.o(.data) for __stdout
    printf7.o(i.__0vsnprintf$7) refers to printf7.o(i._printf_core) for _printf_core
    printf7.o(i.__0vsnprintf$7) refers to printf7.o(i._snputc) for _snputc
    printf7.o(i.__0vsprintf$7) refers to printf7.o(i._printf_core) for _printf_core
    printf7.o(i.__0vsprintf$7) refers to printf7.o(i._sputc) for _sputc
    printf7.o(i._printf_core) refers to printf7.o(i._printf_pre_padding) for _printf_pre_padding
    printf7.o(i._printf_core) refers to uldiv.o(.text) for __aeabi_uldivmod
    printf7.o(i._printf_core) refers to printf7.o(i._printf_post_padding) for _printf_post_padding
    printf8.o(i.__0fprintf$8) refers to printf8.o(i._printf_core) for _printf_core
    printf8.o(i.__0fprintf$8) refers to usart.o(.text) for fputc
    printf8.o(i.__0printf$8) refers to printf8.o(i._printf_core) for _printf_core
    printf8.o(i.__0printf$8) refers to usart.o(.text) for fputc
    printf8.o(i.__0printf$8) refers to usart.o(.data) for __stdout
    printf8.o(i.__0snprintf$8) refers to printf8.o(i._printf_core) for _printf_core
    printf8.o(i.__0snprintf$8) refers to printf8.o(i._snputc) for _snputc
    printf8.o(i.__0sprintf$8) refers to printf8.o(i._printf_core) for _printf_core
    printf8.o(i.__0sprintf$8) refers to printf8.o(i._sputc) for _sputc
    printf8.o(i.__0vfprintf$8) refers to printf8.o(i._printf_core) for _printf_core
    printf8.o(i.__0vfprintf$8) refers to usart.o(.text) for fputc
    printf8.o(i.__0vprintf$8) refers to printf8.o(i._printf_core) for _printf_core
    printf8.o(i.__0vprintf$8) refers to usart.o(.text) for fputc
    printf8.o(i.__0vprintf$8) refers to usart.o(.data) for __stdout
    printf8.o(i.__0vsnprintf$8) refers to printf8.o(i._printf_core) for _printf_core
    printf8.o(i.__0vsnprintf$8) refers to printf8.o(i._snputc) for _snputc
    printf8.o(i.__0vsprintf$8) refers to printf8.o(i._printf_core) for _printf_core
    printf8.o(i.__0vsprintf$8) refers to printf8.o(i._sputc) for _sputc
    printf8.o(i._printf_core) refers to printf8.o(i._printf_pre_padding) for _printf_pre_padding
    printf8.o(i._printf_core) refers to uldiv.o(.text) for __aeabi_uldivmod
    printf8.o(i._printf_core) refers to printf8.o(i._printf_post_padding) for _printf_post_padding
    printfa.o(i.__0fprintf) refers (Special) to iusefp.o(.text) for __I$use$fp
    printfa.o(i.__0fprintf) refers to printfa.o(i._printf_core) for _printf_core
    printfa.o(i.__0fprintf) refers to usart.o(.text) for fputc
    printfa.o(i.__0printf) refers (Special) to iusefp.o(.text) for __I$use$fp
    printfa.o(i.__0printf) refers to printfa.o(i._printf_core) for _printf_core
    printfa.o(i.__0printf) refers to usart.o(.text) for fputc
    printfa.o(i.__0printf) refers to usart.o(.data) for __stdout
    printfa.o(i.__0snprintf) refers (Special) to iusefp.o(.text) for __I$use$fp
    printfa.o(i.__0snprintf) refers to printfa.o(i._printf_core) for _printf_core
    printfa.o(i.__0snprintf) refers to printfa.o(i._snputc) for _snputc
    printfa.o(i.__0sprintf) refers (Special) to iusefp.o(.text) for __I$use$fp
    printfa.o(i.__0sprintf) refers to printfa.o(i._printf_core) for _printf_core
    printfa.o(i.__0sprintf) refers to printfa.o(i._sputc) for _sputc
    printfa.o(i.__0vfprintf) refers (Special) to iusefp.o(.text) for __I$use$fp
    printfa.o(i.__0vfprintf) refers to printfa.o(i._printf_core) for _printf_core
    printfa.o(i.__0vfprintf) refers to usart.o(.text) for fputc
    printfa.o(i.__0vprintf) refers (Special) to iusefp.o(.text) for __I$use$fp
    printfa.o(i.__0vprintf) refers to printfa.o(i._printf_core) for _printf_core
    printfa.o(i.__0vprintf) refers to usart.o(.text) for fputc
    printfa.o(i.__0vprintf) refers to usart.o(.data) for __stdout
    printfa.o(i.__0vsnprintf) refers (Special) to iusefp.o(.text) for __I$use$fp
    printfa.o(i.__0vsnprintf) refers to printfa.o(i._printf_core) for _printf_core
    printfa.o(i.__0vsnprintf) refers to printfa.o(i._snputc) for _snputc
    printfa.o(i.__0vsprintf) refers (Special) to iusefp.o(.text) for __I$use$fp
    printfa.o(i.__0vsprintf) refers to printfa.o(i._printf_core) for _printf_core
    printfa.o(i.__0vsprintf) refers to printfa.o(i._sputc) for _sputc
    printfa.o(i._fp_digits) refers (Special) to iusefp.o(.text) for __I$use$fp
    printfa.o(i._fp_digits) refers to dmul.o(.text) for __aeabi_dmul
    printfa.o(i._fp_digits) refers to ddiv.o(.text) for __aeabi_ddiv
    printfa.o(i._fp_digits) refers to cdrcmple.o(.text) for __aeabi_cdrcmple
    printfa.o(i._fp_digits) refers to dadd.o(.text) for __aeabi_dadd
    printfa.o(i._fp_digits) refers to dfixul.o(.text) for __aeabi_d2ulz
    printfa.o(i._fp_digits) refers to uldiv.o(.text) for __aeabi_uldivmod
    printfa.o(i._printf_core) refers (Special) to iusefp.o(.text) for __I$use$fp
    printfa.o(i._printf_core) refers to printfa.o(i._printf_pre_padding) for _printf_pre_padding
    printfa.o(i._printf_core) refers to uldiv.o(.text) for __aeabi_uldivmod
    printfa.o(i._printf_core) refers to printfa.o(i._printf_post_padding) for _printf_post_padding
    printfa.o(i._printf_core) refers to printfa.o(i._fp_digits) for _fp_digits
    printfa.o(i._printf_core) refers to uidiv.o(.text) for __aeabi_uidivmod
    printfa.o(i._printf_post_padding) refers (Special) to iusefp.o(.text) for __I$use$fp
    printfa.o(i._printf_pre_padding) refers (Special) to iusefp.o(.text) for __I$use$fp
    printfa.o(i._snputc) refers (Special) to iusefp.o(.text) for __I$use$fp
    printfa.o(i._sputc) refers (Special) to iusefp.o(.text) for __I$use$fp
    fadd.o(.text) refers (Special) to iusefp.o(.text) for __I$use$fp
    fadd.o(.text) refers to fepilogue.o(.text) for _float_epilogue
    fmul.o(.text) refers (Special) to iusefp.o(.text) for __I$use$fp
    fdiv.o(.text) refers (Special) to iusefp.o(.text) for __I$use$fp
    fdiv.o(.text) refers to fepilogue.o(.text) for _float_epilogue
    fflti.o(.text) refers (Special) to iusefp.o(.text) for __I$use$fp
    fflti.o(.text) refers to fepilogue.o(.text) for _float_epilogue
    ffltui.o(.text) refers (Special) to iusefp.o(.text) for __I$use$fp
    ffltui.o(.text) refers to fepilogue.o(.text) for _float_epilogue
    dfltui.o(.text) refers (Special) to iusefp.o(.text) for __I$use$fp
    dfltui.o(.text) refers to depilogue.o(.text) for _double_epilogue
    ffixi.o(.text) refers (Special) to iusefp.o(.text) for __I$use$fp
    ffixui.o(.text) refers (Special) to iusefp.o(.text) for __I$use$fp
    dfixui.o(.text) refers (Special) to iusefp.o(.text) for __I$use$fp
    dfixui.o(.text) refers to llushr.o(.text) for __aeabi_llsr
    f2d.o(.text) refers (Special) to iusefp.o(.text) for __I$use$fp
    cdcmple.o(.text) refers (Special) to iusefp.o(.text) for __I$use$fp
    cdrcmple.o(.text) refers (Special) to iusefp.o(.text) for __I$use$fp
    entry2.o(.ARM.Collect$$$$00000001) refers to entry2.o(.ARM.Collect$$$$00002712) for __lit__00000000
    entry2.o(.ARM.Collect$$$$00002712) refers to startup_stm32f10x_hd.o(STACK) for __initial_sp
    entry2.o(__vectab_stack_and_reset_area) refers to startup_stm32f10x_hd.o(STACK) for __initial_sp
    entry2.o(__vectab_stack_and_reset_area) refers to entry.o(.ARM.Collect$$$$00000000) for __main
    entry5.o(.ARM.Collect$$$$00000004) refers to init.o(.text) for __scatterload
    entry7.o(.ARM.Collect$$$$00000007) refers to test.o(.text) for main
    uldiv.o(.text) refers to llushr.o(.text) for __aeabi_llsr
    uldiv.o(.text) refers to llshl.o(.text) for __aeabi_llsl
    errno.o(i.__aeabi_errno_addr) refers to errno.o(.data) for .data
    errno.o(i.__read_errno) refers to errno.o(.data) for .data
    errno.o(i.__set_errno) refers to errno.o(.data) for .data
    dadd.o(.text) refers to llushr.o(.text) for __aeabi_llsr
    dadd.o(.text) refers to llshl.o(.text) for __aeabi_llsl
    dadd.o(.text) refers to depilogue.o(.text) for _double_epilogue
    dmul.o(.text) refers to depilogue.o(.text) for _double_epilogue
    ddiv.o(.text) refers to depilogue.o(.text) for _double_epilogue
    dsqrt.o(.text) refers to llushr.o(.text) for __aeabi_llsr
    dsqrt.o(.text) refers to depilogue.o(.text) for _double_epilogue
    dfixul.o(.text) refers to llushr.o(.text) for __aeabi_llsr
    dfixul.o(.text) refers to llshl.o(.text) for __aeabi_llsl
    init.o(.text) refers to entry5.o(.ARM.Collect$$$$00000004) for __main_after_scatterload


==============================================================================

Removing Unused input sections from the image.

    Removing startup_stm32f10x_hd.o(HEAP), (0 bytes).
    Removing led.o(.text), (128 bytes).
    Removing myiic.o(.text), (672 bytes).
    Removing 24cxx.o(.text), (382 bytes).
    Removing touch.o(.text), (3696 bytes).
    Removing touch.o(.conststring), (121 bytes).
    Removing touch.o(.data), (48 bytes).
    Removing fflti.o(.text), (20 bytes).
    Removing dfltui.o(.text), (26 bytes).
    Removing ffixi.o(.text), (50 bytes).
    Removing dfixui.o(.text), (48 bytes).
    Removing f2d.o(.text), (36 bytes).
    Removing cdcmple.o(.text), (76 bytes).
    Removing cdrcmple.o(.text), (76 bytes).
    Removing depilogue.o(.text), (200 bytes).
    Removing dadd.o(.text), (414 bytes).
    Removing dmul.o(.text), (232 bytes).
    Removing ddiv.o(.text), (248 bytes).
    Removing dsqrt.o(.text), (176 bytes).
    Removing dfixul.o(.text), (50 bytes).

20 unused section(s) (total 6699 bytes) removed from the image.

==============================================================================

Image Symbol Table

    Local Symbols

    Symbol Name                              Value     Ov Type        Size  Object(Section)

    ../../microlib/division.c                0x00000000   Number         0  uldiv.o ABSOLUTE
    ../../microlib/division.c                0x00000000   Number         0  uidiv.o ABSOLUTE
    ../../microlib/errno.c                   0x00000000   Number         0  errno.o ABSOLUTE
    ../../microlib/f2d.c                     0x00000000   Number         0  f2d.o ABSOLUTE
    ../../microlib/fpadd.c                   0x00000000   Number         0  fadd.o ABSOLUTE
    ../../microlib/fpadd.c                   0x00000000   Number         0  dadd.o ABSOLUTE
    ../../microlib/fpdiv.c                   0x00000000   Number         0  fdiv.o ABSOLUTE
    ../../microlib/fpdiv.c                   0x00000000   Number         0  ddiv.o ABSOLUTE
    ../../microlib/fpepilogue.c              0x00000000   Number         0  fepilogue.o ABSOLUTE
    ../../microlib/fpepilogue.c              0x00000000   Number         0  depilogue.o ABSOLUTE
    ../../microlib/fpfix.c                   0x00000000   Number         0  dfixui.o ABSOLUTE
    ../../microlib/fpfix.c                   0x00000000   Number         0  ffixui.o ABSOLUTE
    ../../microlib/fpfix.c                   0x00000000   Number         0  ffixi.o ABSOLUTE
    ../../microlib/fpfix.c                   0x00000000   Number         0  dfixul.o ABSOLUTE
    ../../microlib/fpflt.c                   0x00000000   Number         0  dfltui.o ABSOLUTE
    ../../microlib/fpflt.c                   0x00000000   Number         0  ffltui.o ABSOLUTE
    ../../microlib/fpflt.c                   0x00000000   Number         0  fflti.o ABSOLUTE
    ../../microlib/fpmul.c                   0x00000000   Number         0  fmul.o ABSOLUTE
    ../../microlib/fpmul.c                   0x00000000   Number         0  dmul.o ABSOLUTE
    ../../microlib/fpsqrt.c                  0x00000000   Number         0  dsqrt.o ABSOLUTE
    ../../microlib/init/entry.s              0x00000000   Number         0  entry2.o ABSOLUTE
    ../../microlib/init/entry.s              0x00000000   Number         0  entry.o ABSOLUTE
    ../../microlib/init/entry.s              0x00000000   Number         0  entry5.o ABSOLUTE
    ../../microlib/init/entry.s              0x00000000   Number         0  entry7.o ABSOLUTE
    ../../microlib/longlong.c                0x00000000   Number         0  llshl.o ABSOLUTE
    ../../microlib/longlong.c                0x00000000   Number         0  llushr.o ABSOLUTE
    ../../microlib/printf/printf.c           0x00000000   Number         0  printf4.o ABSOLUTE
    ../../microlib/printf/printf.c           0x00000000   Number         0  printf6.o ABSOLUTE
    ../../microlib/printf/printf.c           0x00000000   Number         0  printf7.o ABSOLUTE
    ../../microlib/printf/printf.c           0x00000000   Number         0  printf8.o ABSOLUTE
    ../../microlib/printf/printf.c           0x00000000   Number         0  printfa.o ABSOLUTE
    ../../microlib/printf/printf.c           0x00000000   Number         0  printf5.o ABSOLUTE
    ../../microlib/printf/printf.c           0x00000000   Number         0  printf0.o ABSOLUTE
    ../../microlib/printf/printf.c           0x00000000   Number         0  printf1.o ABSOLUTE
    ../../microlib/printf/printf.c           0x00000000   Number         0  printf2.o ABSOLUTE
    ../../microlib/printf/printf.c           0x00000000   Number         0  printf3.o ABSOLUTE
    ../../microlib/printf/printf.c           0x00000000   Number         0  printfb.o ABSOLUTE
    ../../microlib/printf/stubs.s            0x00000000   Number         0  stubs.o ABSOLUTE
    ../../microlib/string/memset.c           0x00000000   Number         0  memseta.o ABSOLUTE
    ../../microlib/stubs.s                   0x00000000   Number         0  useno.o ABSOLUTE
    ../../microlib/stubs.s                   0x00000000   Number         0  iusefp.o ABSOLUTE
    ../../sqrt.c                             0x00000000   Number         0  sqrt.o ABSOLUTE
    ..\HARDWARE\24CXX\24cxx.c                0x00000000   Number         0  24cxx.o ABSOLUTE
    ..\HARDWARE\24CXX\myiic.c                0x00000000   Number         0  myiic.o ABSOLUTE
    ..\HARDWARE\CONT\cont.c                  0x00000000   Number         0  cont.o ABSOLUTE
    ..\HARDWARE\EXTI\exti.c                  0x00000000   Number         0  exti.o ABSOLUTE
    ..\HARDWARE\KEY\key.c                    0x00000000   Number         0  key.o ABSOLUTE
    ..\HARDWARE\LCD\ILI93xx.c                0x00000000   Number         0  ili93xx.o ABSOLUTE
    ..\HARDWARE\LED\led.c                    0x00000000   Number         0  led.o ABSOLUTE
    ..\HARDWARE\MOTOR\motor.c                0x00000000   Number         0  motor.o ABSOLUTE
    ..\HARDWARE\OV7670\ov7670.c              0x00000000   Number         0  ov7670.o ABSOLUTE
    ..\HARDWARE\OV7670\sccb.c                0x00000000   Number         0  sccb.o ABSOLUTE
    ..\HARDWARE\TIMER\timer.c                0x00000000   Number         0  timer.o ABSOLUTE
    ..\HARDWARE\TOUCH\touch.c                0x00000000   Number         0  touch.o ABSOLUTE
    ..\SYSTEM\delay\delay.c                  0x00000000   Number         0  delay.o ABSOLUTE
    ..\SYSTEM\sys\sys.c                      0x00000000   Number         0  sys.o ABSOLUTE
    ..\SYSTEM\usart\usart.c                  0x00000000   Number         0  usart.o ABSOLUTE
    ..\\SYSTEM\\sys\\sys.c                   0x00000000   Number         0  sys.o ABSOLUTE
    cdcmple.s                                0x00000000   Number         0  cdcmple.o ABSOLUTE
    cdrcmple.s                               0x00000000   Number         0  cdrcmple.o ABSOLUTE
    dc.s                                     0x00000000   Number         0  dc.o ABSOLUTE
    handlers.s                               0x00000000   Number         0  handlers.o ABSOLUTE
    init.s                                   0x00000000   Number         0  init.o ABSOLUTE
    pid.c                                    0x00000000   Number         0  pid.o ABSOLUTE
    startup_stm32f10x_hd.s                   0x00000000   Number         0  startup_stm32f10x_hd.o ABSOLUTE
    test.c                                   0x00000000   Number         0  test.o ABSOLUTE
    RESET                                    0x08000000   Section      304  startup_stm32f10x_hd.o(RESET)
    .ARM.Collect$$$$00000000                 0x08000130   Section        0  entry.o(.ARM.Collect$$$$00000000)
    .ARM.Collect$$$$00000001                 0x08000130   Section        4  entry2.o(.ARM.Collect$$$$00000001)
    .ARM.Collect$$$$00000004                 0x08000134   Section        4  entry5.o(.ARM.Collect$$$$00000004)
    .ARM.Collect$$$$00000007                 0x08000138   Section        8  entry7.o(.ARM.Collect$$$$00000007)
    .ARM.Collect$$$$00002712                 0x08000140   Section        4  entry2.o(.ARM.Collect$$$$00002712)
    __lit__00000000                          0x08000140   Data           4  entry2.o(.ARM.Collect$$$$00002712)
    .emb_text                                0x08000144   Section       12  sys.o(.emb_text)
    .text                                    0x08000150   Section       48  startup_stm32f10x_hd.o(.text)
    .text                                    0x08000180   Section     6080  test.o(.text)
    .text                                    0x08001940   Section       94  pid.o(.text)
    .text                                    0x080019a0   Section      156  delay.o(.text)
    .text                                    0x08001a3c   Section      740  sys.o(.text)
    .text                                    0x08001d20   Section      728  usart.o(.text)
    .text                                    0x08001ff8   Section      288  key.o(.text)
    .text                                    0x08002118   Section      368  exti.o(.text)
    .text                                    0x08002288   Section      352  timer.o(.text)
    .text                                    0x080023e8   Section     9320  ili93xx.o(.text)
    .text                                    0x08004850   Section      924  ov7670.o(.text)
    .text                                    0x08004bec   Section      688  sccb.o(.text)
    .text                                    0x08004e9c   Section      252  cont.o(.text)
    .text                                    0x08004f98   Section      172  motor.o(.text)
    .text                                    0x08005044   Section       38  memseta.o(.text)
    .text                                    0x0800506a   Section      168  fadd.o(.text)
    _float_addcore                           0x0800506b   Thumb Code   122  fadd.o(.text)
    .text                                    0x08005112   Section      102  fmul.o(.text)
    .text                                    0x08005178   Section      108  fdiv.o(.text)
    .text                                    0x080051e4   Section       10  ffltui.o(.text)
    .text                                    0x080051ee   Section       40  ffixui.o(.text)
    .text                                    0x08005216   Section       44  uidiv.o(.text)
    .text                                    0x08005242   Section       92  fepilogue.o(.text)
    .text                                    0x08005242   Section        0  iusefp.o(.text)
    .text                                    0x080052a0   Section       36  init.o(.text)
    i.__0printf$6                            0x080052c4   Section       32  printf6.o(i.__0printf$6)
    i.__0sprintf$6                           0x080052e4   Section       40  printf6.o(i.__0sprintf$6)
    i.__scatterload_copy                     0x0800530c   Section       14  handlers.o(i.__scatterload_copy)
    i.__scatterload_null                     0x0800531a   Section        2  handlers.o(i.__scatterload_null)
    i.__scatterload_zeroinit                 0x0800531c   Section       14  handlers.o(i.__scatterload_zeroinit)
    i._printf_core                           0x0800532c   Section      764  printf6.o(i._printf_core)
    _printf_core                             0x0800532d   Thumb Code   760  printf6.o(i._printf_core)
    i._printf_post_padding                   0x08005628   Section       36  printf6.o(i._printf_post_padding)
    _printf_post_padding                     0x08005629   Thumb Code    36  printf6.o(i._printf_post_padding)
    i._printf_pre_padding                    0x0800564c   Section       44  printf6.o(i._printf_pre_padding)
    _printf_pre_padding                      0x0800564d   Thumb Code    44  printf6.o(i._printf_pre_padding)
    i._sputc                                 0x08005678   Section       10  printf6.o(i._sputc)
    _sputc                                   0x08005679   Thumb Code    10  printf6.o(i._sputc)
    .constdata                               0x08005682   Section     2660  ili93xx.o(.constdata)
    .constdata                               0x080060e6   Section      230  ov7670.o(.constdata)
    .data                                    0x20000000   Section       40  test.o(.data)
    .data                                    0x20000028   Section        4  delay.o(.data)
    fac_us                                   0x20000028   Data           1  delay.o(.data)
    fac_ms                                   0x2000002a   Data           2  delay.o(.data)
    .data                                    0x2000002c   Section        8  usart.o(.data)
    .data                                    0x20000034   Section        1  key.o(.data)
    key_up                                   0x20000034   Data           1  key.o(.data)
    .data                                    0x20000035   Section        1  exti.o(.data)
    .data                                    0x20000036   Section        5  timer.o(.data)
    .data                                    0x2000003c   Section        4  ili93xx.o(.data)
    .bss                                     0x20000040   Section       88  test.o(.bss)
    slave                                    0x20000040   Data          16  test.o(.bss)
    .bss                                     0x20000098   Section      400  usart.o(.bss)
    .bss                                     0x20000228   Section       10  ili93xx.o(.bss)
    STACK                                    0x20000238   Section     2048  startup_stm32f10x_hd.o(STACK)

    Global Symbols

    Symbol Name                              Value     Ov Type        Size  Object(Section)

    BuildAttributes$$THM_ISAv4$P$D$K$B$S$PE$A:L22UL41UL21$X:L11$S22US41US21$IEEE1$IW$USESV6$~STKCKD$USESV7$~SHL$OSPACE$ROPI$IEEEJ$EBA8$MICROLIB$REQ8$PRES8$EABIv2 0x00000000   Number         0  anon$$obj.o ABSOLUTE
    __ARM_use_no_argv                        0x00000000   Number         0  test.o ABSOLUTE
    __use_no_errno                           0x00000000   Number         0  useno.o ABSOLUTE
    __use_no_exception_handling              0x00000000   Number         0  useno.o ABSOLUTE
    __use_no_fp                              0x00000000   Number         0  useno.o ABSOLUTE
    __use_no_heap                            0x00000000   Number         0  useno.o ABSOLUTE
    __use_no_heap_region                     0x00000000   Number         0  useno.o ABSOLUTE
    __use_no_semihosting                     0x00000000   Number         0  useno.o ABSOLUTE
    __use_no_semihosting_swi                 0x00000000   Number         0  useno.o ABSOLUTE
    __use_no_signal_handling                 0x00000000   Number         0  useno.o ABSOLUTE
    _printf_a                                0x00000000   Number         0  stubs.o ABSOLUTE
    _printf_c                                0x00000000   Number         0  stubs.o ABSOLUTE
    _printf_charcount                        0x00000000   Number         0  stubs.o ABSOLUTE
    _printf_d                                0x00000000   Number         0  stubs.o ABSOLUTE
    _printf_e                                0x00000000   Number         0  stubs.o ABSOLUTE
    _printf_f                                0x00000000   Number         0  stubs.o ABSOLUTE
    _printf_flags                            0x00000000   Number         0  stubs.o ABSOLUTE
    _printf_fp_dec                           0x00000000   Number         0  stubs.o ABSOLUTE
    _printf_fp_hex                           0x00000000   Number         0  stubs.o ABSOLUTE
    _printf_g                                0x00000000   Number         0  stubs.o ABSOLUTE
    _printf_i                                0x00000000   Number         0  stubs.o ABSOLUTE
    _printf_int_dec                          0x00000000   Number         0  stubs.o ABSOLUTE
    _printf_l                                0x00000000   Number         0  stubs.o ABSOLUTE
    _printf_lc                               0x00000000   Number         0  stubs.o ABSOLUTE
    _printf_ll                               0x00000000   Number         0  stubs.o ABSOLUTE
    _printf_lld                              0x00000000   Number         0  stubs.o ABSOLUTE
    _printf_lli                              0x00000000   Number         0  stubs.o ABSOLUTE
    _printf_llo                              0x00000000   Number         0  stubs.o ABSOLUTE
    _printf_llu                              0x00000000   Number         0  stubs.o ABSOLUTE
    _printf_llx                              0x00000000   Number         0  stubs.o ABSOLUTE
    _printf_longlong_dec                     0x00000000   Number         0  stubs.o ABSOLUTE
    _printf_longlong_hex                     0x00000000   Number         0  stubs.o ABSOLUTE
    _printf_longlong_oct                     0x00000000   Number         0  stubs.o ABSOLUTE
    _printf_ls                               0x00000000   Number         0  stubs.o ABSOLUTE
    _printf_mbtowc                           0x00000000   Number         0  stubs.o ABSOLUTE
    _printf_n                                0x00000000   Number         0  stubs.o ABSOLUTE
    _printf_o                                0x00000000   Number         0  stubs.o ABSOLUTE
    _printf_p                                0x00000000   Number         0  stubs.o ABSOLUTE
    _printf_percent                          0x00000000   Number         0  stubs.o ABSOLUTE
    _printf_pre_padding                      0x00000000   Number         0  stubs.o ABSOLUTE
    _printf_return_value                     0x00000000   Number         0  stubs.o ABSOLUTE
    _printf_s                                0x00000000   Number         0  stubs.o ABSOLUTE
    _printf_sizespec                         0x00000000   Number         0  stubs.o ABSOLUTE
    _printf_str                              0x00000000   Number         0  stubs.o ABSOLUTE
    _printf_truncate_signed                  0x00000000   Number         0  stubs.o ABSOLUTE
    _printf_truncate_unsigned                0x00000000   Number         0  stubs.o ABSOLUTE
    _printf_u                                0x00000000   Number         0  stubs.o ABSOLUTE
    _printf_wc                               0x00000000   Number         0  stubs.o ABSOLUTE
    _printf_wctomb                           0x00000000   Number         0  stubs.o ABSOLUTE
    _printf_widthprec                        0x00000000   Number         0  stubs.o ABSOLUTE
    _printf_x                                0x00000000   Number         0  stubs.o ABSOLUTE
    __decompress                              - Undefined Weak Reference
    __Vectors_Size                           0x00000130   Number         0  startup_stm32f10x_hd.o ABSOLUTE
    __Vectors                                0x08000000   Data           4  startup_stm32f10x_hd.o(RESET)
    __Vectors_End                            0x08000130   Data           0  startup_stm32f10x_hd.o(RESET)
    __main                                   0x08000131   Thumb Code     0  entry.o(.ARM.Collect$$$$00000000)
    _main_stk                                0x08000131   Thumb Code     0  entry2.o(.ARM.Collect$$$$00000001)
    _main_scatterload                        0x08000135   Thumb Code     0  entry5.o(.ARM.Collect$$$$00000004)
    __main_after_scatterload                 0x08000139   Thumb Code     0  entry5.o(.ARM.Collect$$$$00000004)
    _main_init                               0x08000139   Thumb Code     0  entry7.o(.ARM.Collect$$$$00000007)
    WFI_SET                                  0x08000145   Thumb Code     2  sys.o(.emb_text)
    INTX_DISABLE                             0x08000147   Thumb Code     2  sys.o(.emb_text)
    INTX_ENABLE                              0x08000149   Thumb Code     2  sys.o(.emb_text)
    MSR_MSP                                  0x0800014b   Thumb Code     6  sys.o(.emb_text)
    SystemInit_ExtMemCtl                     0x08000151   Thumb Code     2  startup_stm32f10x_hd.o(.text)
    Reset_Handler                            0x08000153   Thumb Code    14  startup_stm32f10x_hd.o(.text)
    NMI_Handler                              0x08000161   Thumb Code     2  startup_stm32f10x_hd.o(.text)
    HardFault_Handler                        0x08000163   Thumb Code     2  startup_stm32f10x_hd.o(.text)
    MemManage_Handler                        0x08000165   Thumb Code     2  startup_stm32f10x_hd.o(.text)
    BusFault_Handler                         0x08000167   Thumb Code     2  startup_stm32f10x_hd.o(.text)
    UsageFault_Handler                       0x08000169   Thumb Code     2  startup_stm32f10x_hd.o(.text)
    SVC_Handler                              0x0800016b   Thumb Code     2  startup_stm32f10x_hd.o(.text)
    DebugMon_Handler                         0x0800016d   Thumb Code     2  startup_stm32f10x_hd.o(.text)
    PendSV_Handler                           0x0800016f   Thumb Code     2  startup_stm32f10x_hd.o(.text)
    SysTick_Handler                          0x08000171   Thumb Code     2  startup_stm32f10x_hd.o(.text)
    ADC1_2_IRQHandler                        0x08000173   Thumb Code     0  startup_stm32f10x_hd.o(.text)
    ADC3_IRQHandler                          0x08000173   Thumb Code     0  startup_stm32f10x_hd.o(.text)
    CAN1_RX1_IRQHandler                      0x08000173   Thumb Code     0  startup_stm32f10x_hd.o(.text)
    CAN1_SCE_IRQHandler                      0x08000173   Thumb Code     0  startup_stm32f10x_hd.o(.text)
    DMA1_Channel1_IRQHandler                 0x08000173   Thumb Code     0  startup_stm32f10x_hd.o(.text)
    DMA1_Channel2_IRQHandler                 0x08000173   Thumb Code     0  startup_stm32f10x_hd.o(.text)
    DMA1_Channel3_IRQHandler                 0x08000173   Thumb Code     0  startup_stm32f10x_hd.o(.text)
    DMA1_Channel4_IRQHandler                 0x08000173   Thumb Code     0  startup_stm32f10x_hd.o(.text)
    DMA1_Channel5_IRQHandler                 0x08000173   Thumb Code     0  startup_stm32f10x_hd.o(.text)
    DMA1_Channel6_IRQHandler                 0x08000173   Thumb Code     0  startup_stm32f10x_hd.o(.text)
    DMA1_Channel7_IRQHandler                 0x08000173   Thumb Code     0  startup_stm32f10x_hd.o(.text)
    DMA2_Channel1_IRQHandler                 0x08000173   Thumb Code     0  startup_stm32f10x_hd.o(.text)
    DMA2_Channel2_IRQHandler                 0x08000173   Thumb Code     0  startup_stm32f10x_hd.o(.text)
    DMA2_Channel3_IRQHandler                 0x08000173   Thumb Code     0  startup_stm32f10x_hd.o(.text)
    DMA2_Channel4_5_IRQHandler               0x08000173   Thumb Code     0  startup_stm32f10x_hd.o(.text)
    EXTI0_IRQHandler                         0x08000173   Thumb Code     0  startup_stm32f10x_hd.o(.text)
    EXTI15_10_IRQHandler                     0x08000173   Thumb Code     0  startup_stm32f10x_hd.o(.text)
    EXTI1_IRQHandler                         0x08000173   Thumb Code     0  startup_stm32f10x_hd.o(.text)
    FLASH_IRQHandler                         0x08000173   Thumb Code     0  startup_stm32f10x_hd.o(.text)
    FSMC_IRQHandler                          0x08000173   Thumb Code     0  startup_stm32f10x_hd.o(.text)
    I2C1_ER_IRQHandler                       0x08000173   Thumb Code     0  startup_stm32f10x_hd.o(.text)
    I2C1_EV_IRQHandler                       0x08000173   Thumb Code     0  startup_stm32f10x_hd.o(.text)
    I2C2_ER_IRQHandler                       0x08000173   Thumb Code     0  startup_stm32f10x_hd.o(.text)
    I2C2_EV_IRQHandler                       0x08000173   Thumb Code     0  startup_stm32f10x_hd.o(.text)
    PVD_IRQHandler                           0x08000173   Thumb Code     0  startup_stm32f10x_hd.o(.text)
    RCC_IRQHandler                           0x08000173   Thumb Code     0  startup_stm32f10x_hd.o(.text)
    RTCAlarm_IRQHandler                      0x08000173   Thumb Code     0  startup_stm32f10x_hd.o(.text)
    RTC_IRQHandler                           0x08000173   Thumb Code     0  startup_stm32f10x_hd.o(.text)
    SDIO_IRQHandler                          0x08000173   Thumb Code     0  startup_stm32f10x_hd.o(.text)
    SPI1_IRQHandler                          0x08000173   Thumb Code     0  startup_stm32f10x_hd.o(.text)
    SPI2_IRQHandler                          0x08000173   Thumb Code     0  startup_stm32f10x_hd.o(.text)
    SPI3_IRQHandler                          0x08000173   Thumb Code     0  startup_stm32f10x_hd.o(.text)
    TAMPER_IRQHandler                        0x08000173   Thumb Code     0  startup_stm32f10x_hd.o(.text)
    TIM1_BRK_IRQHandler                      0x08000173   Thumb Code     0  startup_stm32f10x_hd.o(.text)
    TIM1_CC_IRQHandler                       0x08000173   Thumb Code     0  startup_stm32f10x_hd.o(.text)
    TIM1_TRG_COM_IRQHandler                  0x08000173   Thumb Code     0  startup_stm32f10x_hd.o(.text)
    TIM1_UP_IRQHandler                       0x08000173   Thumb Code     0  startup_stm32f10x_hd.o(.text)
    TIM2_IRQHandler                          0x08000173   Thumb Code     0  startup_stm32f10x_hd.o(.text)
    TIM4_IRQHandler                          0x08000173   Thumb Code     0  startup_stm32f10x_hd.o(.text)
    TIM5_IRQHandler                          0x08000173   Thumb Code     0  startup_stm32f10x_hd.o(.text)
    TIM7_IRQHandler                          0x08000173   Thumb Code     0  startup_stm32f10x_hd.o(.text)
    TIM8_BRK_IRQHandler                      0x08000173   Thumb Code     0  startup_stm32f10x_hd.o(.text)
    TIM8_CC_IRQHandler                       0x08000173   Thumb Code     0  startup_stm32f10x_hd.o(.text)
    TIM8_TRG_COM_IRQHandler                  0x08000173   Thumb Code     0  startup_stm32f10x_hd.o(.text)
    TIM8_UP_IRQHandler                       0x08000173   Thumb Code     0  startup_stm32f10x_hd.o(.text)
    UART4_IRQHandler                         0x08000173   Thumb Code     0  startup_stm32f10x_hd.o(.text)
    UART5_IRQHandler                         0x08000173   Thumb Code     0  startup_stm32f10x_hd.o(.text)
    USART3_IRQHandler                        0x08000173   Thumb Code     0  startup_stm32f10x_hd.o(.text)
    USBWakeUp_IRQHandler                     0x08000173   Thumb Code     0  startup_stm32f10x_hd.o(.text)
    USB_HP_CAN1_TX_IRQHandler                0x08000173   Thumb Code     0  startup_stm32f10x_hd.o(.text)
    USB_LP_CAN1_RX0_IRQHandler               0x08000173   Thumb Code     0  startup_stm32f10x_hd.o(.text)
    WWDG_IRQHandler                          0x08000173   Thumb Code     0  startup_stm32f10x_hd.o(.text)
    color_Gray                               0x08000181   Thumb Code     8  test.o(.text)
    four_quadrant                            0x08000189   Thumb Code   102  test.o(.text)
    four_quadrant_coordinate                 0x080001ef   Thumb Code   178  test.o(.text)
    precise_algorithm                        0x080002a1   Thumb Code   102  test.o(.text)
    precise_algorithm_coordinate             0x08000307   Thumb Code   170  test.o(.text)
    camera_refresh                           0x080003b1   Thumb Code   328  test.o(.text)
    camera_2_refresh                         0x080004f9   Thumb Code   750  test.o(.text)
    main                                     0x080007e7   Thumb Code  4412  test.o(.text)
    PIDInit                                  0x08001941   Thumb Code    34  pid.o(.text)
    PIDCale                                  0x08001963   Thumb Code    52  pid.o(.text)
    GetNowPoint                              0x08001997   Thumb Code     8  pid.o(.text)
    delay_init                               0x080019a1   Thumb Code    46  delay.o(.text)
    delay_us                                 0x080019cf   Thumb Code    52  delay.o(.text)
    delay_ms                                 0x08001a03   Thumb Code    54  delay.o(.text)
    MY_NVIC_SetVectorTable                   0x08001a3d   Thumb Code    12  sys.o(.text)
    MY_NVIC_PriorityGroupConfig              0x08001a49   Thumb Code    36  sys.o(.text)
    MY_NVIC_Init                             0x08001a6d   Thumb Code   148  sys.o(.text)
    Ex_NVIC_Config                           0x08001b01   Thumb Code   148  sys.o(.text)
    MYRCC_DeInit                             0x08001b95   Thumb Code    90  sys.o(.text)
    Sys_Standby                              0x08001bef   Thumb Code    70  sys.o(.text)
    Sys_Soft_Reset                           0x08001c35   Thumb Code    12  sys.o(.text)
    JTAG_Set                                 0x08001c41   Thumb Code    44  sys.o(.text)
    Stm32_Clock_Init                         0x08001c6d   Thumb Code   130  sys.o(.text)
    _sys_exit                                0x08001d21   Thumb Code     6  usart.o(.text)
    fputc                                    0x08001d27   Thumb Code    22  usart.o(.text)
    USART1_IRQHandler                        0x08001d3d   Thumb Code   118  usart.o(.text)
    USART2_IRQHandler                        0x08001db3   Thumb Code   118  usart.o(.text)
    uart_init                                0x08001e29   Thumb Code   418  usart.o(.text)
    KEY_Init                                 0x08001ff9   Thumb Code    94  key.o(.text)
    KEY_Scan                                 0x08002057   Thumb Code   152  key.o(.text)
    EXTI2_IRQHandler                         0x08002119   Thumb Code    38  exti.o(.text)
    EXTI3_IRQHandler                         0x0800213f   Thumb Code    44  exti.o(.text)
    EXTI4_IRQHandler                         0x0800216b   Thumb Code    60  exti.o(.text)
    EXTIX_Init                               0x080021a7   Thumb Code    96  exti.o(.text)
    EXTI9_5_IRQHandler                       0x08002207   Thumb Code    74  exti.o(.text)
    EXTI8_Init                               0x08002251   Thumb Code    26  exti.o(.text)
    TIM3_IRQHandler                          0x08002289   Thumb Code   144  timer.o(.text)
    TIM3_Init                                0x08002319   Thumb Code    72  timer.o(.text)
    TIM6_IRQHandler                          0x08002361   Thumb Code    30  timer.o(.text)
    TIM6_Int_Init                            0x0800237f   Thumb Code    58  timer.o(.text)
    LCD_WR_REG                               0x080023e9   Thumb Code     6  ili93xx.o(.text)
    LCD_WR_DATA                              0x080023ef   Thumb Code     8  ili93xx.o(.text)
    LCD_RD_DATA                              0x080023f7   Thumb Code     8  ili93xx.o(.text)
    LCD_WriteReg                             0x080023ff   Thumb Code    14  ili93xx.o(.text)
    LCD_ReadReg                              0x0800240d   Thumb Code    22  ili93xx.o(.text)
    LCD_WriteRAM_Prepare                     0x08002423   Thumb Code    10  ili93xx.o(.text)
    LCD_WriteRAM                             0x0800242d   Thumb Code     8  ili93xx.o(.text)
    LCD_BGR2RGB                              0x08002435   Thumb Code    26  ili93xx.o(.text)
    opt_delay                                0x0800244f   Thumb Code    14  ili93xx.o(.text)
    LCD_SetCursor                            0x0800245d   Thumb Code   112  ili93xx.o(.text)
    LCD_ReadPoint                            0x080024cd   Thumb Code   272  ili93xx.o(.text)
    LCD_DisplayOn                            0x080025dd   Thumb Code    46  ili93xx.o(.text)
    LCD_DisplayOff                           0x0800260b   Thumb Code    44  ili93xx.o(.text)
    LCD_Scan_Dir                             0x08002637   Thumb Code   464  ili93xx.o(.text)
    LCD_DrawPoint                            0x08002807   Thumb Code    28  ili93xx.o(.text)
    LCD_Fast_DrawPoint                       0x08002823   Thumb Code   132  ili93xx.o(.text)
    LCD_Display_Dir                          0x080028a7   Thumb Code   238  ili93xx.o(.text)
    LCD_Clear                                0x08002995   Thumb Code    42  ili93xx.o(.text)
    LCD_Init                                 0x080029bf   Thumb Code  6344  ili93xx.o(.text)
    LCD_Fill                                 0x08004287   Thumb Code    84  ili93xx.o(.text)
    LCD_Color_Fill                           0x080042db   Thumb Code   102  ili93xx.o(.text)
    LCD_DrawLine                             0x08004341   Thumb Code   200  ili93xx.o(.text)
    LCD_DrawRectangle                        0x08004409   Thumb Code    60  ili93xx.o(.text)
    Draw_Circle                              0x08004445   Thumb Code   184  ili93xx.o(.text)
    LCD_ShowChar                             0x080044fd   Thumb Code   346  ili93xx.o(.text)
    LCD_Pow                                  0x08004657   Thumb Code    22  ili93xx.o(.text)
    LCD_ShowNum                              0x0800466d   Thumb Code   158  ili93xx.o(.text)
    LCD_ShowxNum                             0x0800470b   Thumb Code   200  ili93xx.o(.text)
    LCD_ShowString                           0x080047d3   Thumb Code   104  ili93xx.o(.text)
    OV7670_Init                              0x08004851   Thumb Code   330  ov7670.o(.text)
    OV7670_Light_Mode                        0x0800499b   Thumb Code    92  ov7670.o(.text)
    OV7670_Color_Saturation                  0x080049f7   Thumb Code   122  ov7670.o(.text)
    OV7670_Brightness                        0x08004a71   Thumb Code    50  ov7670.o(.text)
    OV7670_Contrast                          0x08004aa3   Thumb Code    50  ov7670.o(.text)
    OV7670_Special_Effects                   0x08004ad5   Thumb Code   106  ov7670.o(.text)
    OV7670_Window_Set                        0x08004b3f   Thumb Code   146  ov7670.o(.text)
    SCCB_Init                                0x08004bed   Thumb Code   120  sccb.o(.text)
    SCCB_Start                               0x08004c65   Thumb Code    42  sccb.o(.text)
    SCCB_Stop                                0x08004c8f   Thumb Code    42  sccb.o(.text)
    SCCB_No_Ack                              0x08004cb9   Thumb Code    54  sccb.o(.text)
    SCCB_WR_Byte                             0x08004cef   Thumb Code   152  sccb.o(.text)
    SCCB_RD_Byte                             0x08004d87   Thumb Code   104  sccb.o(.text)
    SCCB_WR_Reg                              0x08004def   Thumb Code    62  sccb.o(.text)
    SCCB_RD_Reg                              0x08004e2d   Thumb Code    78  sccb.o(.text)
    CONT_Init                                0x08004e9d   Thumb Code   232  cont.o(.text)
    MOTOR_Init                               0x08004f99   Thumb Code    44  motor.o(.text)
    MOTOR_Control                            0x08004fc5   Thumb Code    96  motor.o(.text)
    __aeabi_memset                           0x08005045   Thumb Code    14  memseta.o(.text)
    __aeabi_memset4                          0x08005045   Thumb Code     0  memseta.o(.text)
    __aeabi_memset8                          0x08005045   Thumb Code     0  memseta.o(.text)
    __aeabi_memclr                           0x08005053   Thumb Code     4  memseta.o(.text)
    __aeabi_memclr4                          0x08005053   Thumb Code     0  memseta.o(.text)
    __aeabi_memclr8                          0x08005053   Thumb Code     0  memseta.o(.text)
    _memset$wrapper                          0x08005057   Thumb Code    20  memseta.o(.text)
    __aeabi_fadd                             0x080050e5   Thumb Code    14  fadd.o(.text)
    __aeabi_fsub                             0x080050f3   Thumb Code    14  fadd.o(.text)
    __aeabi_frsub                            0x08005101   Thumb Code    18  fadd.o(.text)
    __aeabi_fmul                             0x08005113   Thumb Code   102  fmul.o(.text)
    __aeabi_fdiv                             0x08005179   Thumb Code   108  fdiv.o(.text)
    __aeabi_ui2f                             0x080051e5   Thumb Code    10  ffltui.o(.text)
    __aeabi_f2uiz                            0x080051ef   Thumb Code    40  ffixui.o(.text)
    __aeabi_uidiv                            0x08005217   Thumb Code     0  uidiv.o(.text)
    __aeabi_uidivmod                         0x08005217   Thumb Code    44  uidiv.o(.text)
    __I$use$fp                               0x08005243   Thumb Code     0  iusefp.o(.text)
    _float_round                             0x08005243   Thumb Code    18  fepilogue.o(.text)
    _float_epilogue                          0x08005255   Thumb Code    74  fepilogue.o(.text)
    __scatterload                            0x080052a1   Thumb Code    28  init.o(.text)
    __scatterload_rt2                        0x080052a1   Thumb Code     0  init.o(.text)
    __0printf$6                              0x080052c5   Thumb Code    22  printf6.o(i.__0printf$6)
    __1printf$6                              0x080052c5   Thumb Code     0  printf6.o(i.__0printf$6)
    __2printf                                0x080052c5   Thumb Code     0  printf6.o(i.__0printf$6)
    __0sprintf$6                             0x080052e5   Thumb Code    34  printf6.o(i.__0sprintf$6)
    __1sprintf$6                             0x080052e5   Thumb Code     0  printf6.o(i.__0sprintf$6)
    __2sprintf                               0x080052e5   Thumb Code     0  printf6.o(i.__0sprintf$6)
    __scatterload_copy                       0x0800530d   Thumb Code    14  handlers.o(i.__scatterload_copy)
    __scatterload_null                       0x0800531b   Thumb Code     2  handlers.o(i.__scatterload_null)
    __scatterload_zeroinit                   0x0800531d   Thumb Code    14  handlers.o(i.__scatterload_zeroinit)
    asc2_1206                                0x08005682   Data        1140  ili93xx.o(.constdata)
    asc2_1608                                0x08005af6   Data        1520  ili93xx.o(.constdata)
    ov7670_init_reg_tbl                      0x080060e6   Data         230  ov7670.o(.constdata)
    Region$$Table$$Base                      0x080061cc   Number         0  anon$$obj.o(Region$$Table)
    Region$$Table$$Limit                     0x080061ec   Number         0  anon$$obj.o(Region$$Table)
    Quadrant1                                0x20000000   Data           4  test.o(.data)
    Quadrant2                                0x20000004   Data           4  test.o(.data)
    Quadrant3                                0x20000008   Data           4  test.o(.data)
    Quadrant4                                0x2000000c   Data           4  test.o(.data)
    x0                                       0x20000010   Data           4  test.o(.data)
    y0                                       0x20000014   Data           4  test.o(.data)
    pac_x_gray                               0x20000018   Data           4  test.o(.data)
    pac_y_gray                               0x2000001c   Data           4  test.o(.data)
    Precise_x                                0x20000020   Data           4  test.o(.data)
    Precise_y                                0x20000024   Data           4  test.o(.data)
    USART1_RX_STA                            0x2000002c   Data           2  usart.o(.data)
    USART2_RX_STA                            0x2000002e   Data           2  usart.o(.data)
    __stdout                                 0x20000030   Data           4  usart.o(.data)
    ov_sta                                   0x20000035   Data           1  exti.o(.data)
    PWM1                                     0x20000036   Data           1  timer.o(.data)
    PWM2                                     0x20000037   Data           1  timer.o(.data)
    PWM3                                     0x20000038   Data           1  timer.o(.data)
    PWM4                                     0x20000039   Data           1  timer.o(.data)
    ov_frame                                 0x2000003a   Data           1  timer.o(.data)
    POINT_COLOR                              0x2000003c   Data           2  ili93xx.o(.data)
    BACK_COLOR                               0x2000003e   Data           2  ili93xx.o(.data)
    ShiftMotor1                              0x20000050   Data          36  test.o(.bss)
    ShiftMotor2                              0x20000074   Data          36  test.o(.bss)
    USART1_RX_BUF                            0x20000098   Data         200  usart.o(.bss)
    USART2_RX_BUF                            0x20000160   Data         200  usart.o(.bss)
    lcddev                                   0x20000228   Data          10  ili93xx.o(.bss)
    __initial_sp                             0x20000a38   Data           0  startup_stm32f10x_hd.o(STACK)



==============================================================================

Memory Map of the image

  Image Entry point : 0x08000131

  Load Region LR_IROM1 (Base: 0x08000000, Size: 0x0000622c, Max: 0x00080000, ABSOLUTE)

    Execution Region ER_IROM1 (Base: 0x08000000, Size: 0x000061ec, Max: 0x00080000, ABSOLUTE)

    Base Addr    Size         Type   Attr      Idx    E Section Name        Object

    0x08000000   0x00000130   Data   RO            3    RESET               startup_stm32f10x_hd.o
    0x08000130   0x00000000   Code   RO          359  * .ARM.Collect$$$$00000000  entry.o(mc_w.l)
    0x08000130   0x00000004   Code   RO          649    .ARM.Collect$$$$00000001  entry2.o(mc_w.l)
    0x08000134   0x00000004   Code   RO          652    .ARM.Collect$$$$00000004  entry5.o(mc_w.l)
    0x08000138   0x00000008   Code   RO          653    .ARM.Collect$$$$00000007  entry7.o(mc_w.l)
    0x08000140   0x00000004   Code   RO          650    .ARM.Collect$$$$00002712  entry2.o(mc_w.l)
    0x08000144   0x0000000c   Code   RO          121    .emb_text           sys.o
    0x08000150   0x00000030   Code   RO            4    .text               startup_stm32f10x_hd.o
    0x08000180   0x000017c0   Code   RO           10    .text               test.o
    0x08001940   0x0000005e   Code   RO           92    .text               pid.o
    0x0800199e   0x00000002   PAD
    0x080019a0   0x0000009c   Code   RO          107    .text               delay.o
    0x08001a3c   0x000002e4   Code   RO          122    .text               sys.o
    0x08001d20   0x000002d8   Code   RO          137    .text               usart.o
    0x08001ff8   0x00000120   Code   RO          172    .text               key.o
    0x08002118   0x00000170   Code   RO          185    .text               exti.o
    0x08002288   0x00000160   Code   RO          200    .text               timer.o
    0x080023e8   0x00002468   Code   RO          218    .text               ili93xx.o
    0x08004850   0x0000039c   Code   RO          301    .text               ov7670.o
    0x08004bec   0x000002b0   Code   RO          319    .text               sccb.o
    0x08004e9c   0x000000fc   Code   RO          331    .text               cont.o
    0x08004f98   0x000000ac   Code   RO          343    .text               motor.o
    0x08005044   0x00000026   Code   RO          362    .text               memseta.o(mc_w.l)
    0x0800506a   0x000000a8   Code   RO          625    .text               fadd.o(mf_w.l)
    0x08005112   0x00000066   Code   RO          627    .text               fmul.o(mf_w.l)
    0x08005178   0x0000006c   Code   RO          629    .text               fdiv.o(mf_w.l)
    0x080051e4   0x0000000a   Code   RO          633    .text               ffltui.o(mf_w.l)
    0x080051ee   0x00000028   Code   RO          639    .text               ffixui.o(mf_w.l)
    0x08005216   0x0000002c   Code   RO          654    .text               uidiv.o(mc_w.l)
    0x08005242   0x00000000   Code   RO          667    .text               iusefp.o(mc_w.l)
    0x08005242   0x0000005c   Code   RO          668    .text               fepilogue.o(mf_w.l)
    0x0800529e   0x00000002   PAD
    0x080052a0   0x00000024   Code   RO          682    .text               init.o(mc_w.l)
    0x080052c4   0x00000020   Code   RO          519    i.__0printf$6       printf6.o(mc_w.l)
    0x080052e4   0x00000028   Code   RO          521    i.__0sprintf$6      printf6.o(mc_w.l)
    0x0800530c   0x0000000e   Code   RO          688    i.__scatterload_copy  handlers.o(mc_w.l)
    0x0800531a   0x00000002   Code   RO          689    i.__scatterload_null  handlers.o(mc_w.l)
    0x0800531c   0x0000000e   Code   RO          690    i.__scatterload_zeroinit  handlers.o(mc_w.l)
    0x0800532a   0x00000002   PAD
    0x0800532c   0x000002fc   Code   RO          526    i._printf_core      printf6.o(mc_w.l)
    0x08005628   0x00000024   Code   RO          527    i._printf_post_padding  printf6.o(mc_w.l)
    0x0800564c   0x0000002c   Code   RO          528    i._printf_pre_padding  printf6.o(mc_w.l)
    0x08005678   0x0000000a   Code   RO          530    i._sputc            printf6.o(mc_w.l)
    0x08005682   0x00000a64   Data   RO          220    .constdata          ili93xx.o
    0x080060e6   0x000000e6   Data   RO          302    .constdata          ov7670.o
    0x080061cc   0x00000020   Data   RO          686    Region$$Table       anon$$obj.o


    Execution Region RW_IRAM1 (Base: 0x20000000, Size: 0x00000a38, Max: 0x00010000, ABSOLUTE)

    Base Addr    Size         Type   Attr      Idx    E Section Name        Object

    0x20000000   0x00000028   Data   RW           12    .data               test.o
    0x20000028   0x00000004   Data   RW          108    .data               delay.o
    0x2000002c   0x00000008   Data   RW          139    .data               usart.o
    0x20000034   0x00000001   Data   RW          173    .data               key.o
    0x20000035   0x00000001   Data   RW          186    .data               exti.o
    0x20000036   0x00000005   Data   RW          201    .data               timer.o
    0x2000003b   0x00000001   PAD
    0x2000003c   0x00000004   Data   RW          221    .data               ili93xx.o
    0x20000040   0x00000058   Zero   RW           11    .bss                test.o
    0x20000098   0x00000190   Zero   RW          138    .bss                usart.o
    0x20000228   0x0000000a   Zero   RW          219    .bss                ili93xx.o
    0x20000232   0x00000006   PAD
    0x20000238   0x00000800   Zero   RW            1    STACK               startup_stm32f10x_hd.o


==============================================================================

Image component sizes


      Code (inc. data)   RO Data    RW Data    ZI Data      Debug   Object Name

       252         20          0          0          0        464   cont.o
       156          4          0          4          0        955   delay.o
       368         30          0          1          0       1371   exti.o
      9320        132       2660          4         10      15984   ili93xx.o
       288         42          0          1          0        800   key.o
       172         32          0          0          0        771   motor.o
       924         36        230          0          0       2977   ov7670.o
        94          0          0          0          0       1170   pid.o
       688         34          0          0          0       1999   sccb.o
        48         12        304          0       2048        484   startup_stm32f10x_hd.o
       752         50          0          0          0       2699   sys.o
      6080        584          0         40         88       9608   test.o
       352         48          0          5          0       1405   timer.o
       728         46          0          8        400       3410   usart.o

    ----------------------------------------------------------------------
     20224       1070       3226         64       2552      44097   Object Totals
         0          0         32          0          0          0   (incl. Generated)
         2          0          0          1          6          1   (incl. Padding)

    ----------------------------------------------------------------------

      Code (inc. data)   RO Data    RW Data    ZI Data      Debug   Library Member Name

         0          0          0          0          0          0   entry.o
         8          4          0          0          0          0   entry2.o
         4          0          0          0          0          0   entry5.o
         8          4          0          0          0          0   entry7.o
       168          0          0          0          0        144   fadd.o
       108          0          0          0          0         96   fdiv.o
        92          0          0          0          0        152   fepilogue.o
        40          0          0          0          0         68   ffixui.o
        10          0          0          0          0         68   ffltui.o
       102          0          0          0          0         76   fmul.o
        30          0          0          0          0          0   handlers.o
        36          8          0          0          0         68   init.o
         0          0          0          0          0          0   iusefp.o
        38          0          0          0          0        108   memseta.o
       926         20          0          0          0        496   printf6.o
        44          0          0          0          0         76   uidiv.o

    ----------------------------------------------------------------------
      1618         36          0          0          0       1352   Library Totals
         4          0          0          0          0          0   (incl. Padding)

    ----------------------------------------------------------------------

      Code (inc. data)   RO Data    RW Data    ZI Data      Debug   Library Name

      1094         36          0          0          0        748   mc_w.l
       520          0          0          0          0        604   mf_w.l

    ----------------------------------------------------------------------
      1618         36          0          0          0       1352   Library Totals

    ----------------------------------------------------------------------

==============================================================================


      Code (inc. data)   RO Data    RW Data    ZI Data      Debug   

     21842       1106       3226         64       2552      43700   Grand Totals
     21842       1106       3226         64       2552      43700   ELF Image Totals
     21842       1106       3226         64          0          0   ROM Totals

==============================================================================

    Total RO  Size (Code + RO Data)                25068 (  24.48kB)
    Total RW  Size (RW Data + ZI Data)              2616 (   2.55kB)
    Total ROM Size (Code + RO Data + RW Data)      25132 (  24.54kB)

==============================================================================

