ARM Linker, RVCT4.0 [Build 524] for uVision [Standard]

==============================================================================

Section Cross References

    startup_stm32f10x_hd.o(RESET) refers to startup_stm32f10x_hd.o(.text) for Reset_Handler
    startup_stm32f10x_hd.o(RESET) refers to exti.o(.text) for EXTI2_IRQHandler
    startup_stm32f10x_hd.o(RESET) refers to timer.o(.text) for TIM3_IRQHandler
    startup_stm32f10x_hd.o(RESET) refers to usart.o(.text) for USART1_IRQHandler
    startup_stm32f10x_hd.o(.text) refers to startup_stm32f10x_hd.o(STACK) for __initial_sp
    startup_stm32f10x_hd.o(.text) refers to entry.o(.ARM.Collect$$$$00000000) for __main
    test.o(.text) refers to pid.o(.text) for PIDCale
    test.o(.text) refers to ili93xx.o(.text) for LCD_ShowString
    test.o(.text) refers to motor.o(.text) for MOTOR_Control
    test.o(.text) refers to sys.o(.text) for Stm32_Clock_Init
    test.o(.text) refers to usart.o(.text) for uart_init
    test.o(.text) refers to delay.o(.text) for delay_init
    test.o(.text) refers to key.o(.text) for KEY_Init
    test.o(.text) refers to cont.o(.text) for CONT_Init
    test.o(.text) refers to timer.o(.text) for TIM3_Init
    test.o(.text) refers to ili93xx.o(.bss) for lcddev
    test.o(.text) refers to ili93xx.o(.data) for POINT_COLOR
    test.o(.text) refers to usart.o(.data) for USART1_RX_STA
    test.o(.text) refers to usart.o(.bss) for USART1_RX_BUF
    pid.o(.text) refers to memseta.o(.text) for __aeabi_memclr4
    delay.o(.text) refers to delay.o(.data) for .data
    sys.o(.text) refers to sys.o(.emb_text) for WFI_SET
    usart.o(.text) refers to ffltui.o(.text) for __aeabi_ui2f
    usart.o(.text) refers to fdiv.o(.text) for __aeabi_fdiv
    usart.o(.text) refers to ffixui.o(.text) for __aeabi_f2uiz
    usart.o(.text) refers to fadd.o(.text) for __aeabi_frsub
    usart.o(.text) refers to fmul.o(.text) for __aeabi_fmul
    usart.o(.text) refers to sys.o(.text) for MY_NVIC_Init
    usart.o(.text) refers to usart.o(.data) for USART1_RX_STA
    usart.o(.text) refers to usart.o(.bss) for USART1_RX_BUF
    key.o(.text) refers to delay.o(.text) for delay_ms
    key.o(.text) refers to key.o(.data) for .data
    exti.o(.text) refers to delay.o(.text) for delay_ms
    exti.o(.text) refers to key.o(.text) for KEY_Init
    exti.o(.text) refers to sys.o(.text) for Ex_NVIC_Config
    exti.o(.text) refers to exti.o(.data) for ov_sta
    timer.o(.text) refers to sys.o(.text) for MY_NVIC_Init
    timer.o(.text) refers to timer.o(.data) for PWM1
    ili93xx.o(.text) refers to delay.o(.text) for delay_us
    ili93xx.o(.text) refers to ili93xx.o(.bss) for lcddev
    ili93xx.o(.text) refers to ili93xx.o(.data) for POINT_COLOR
    ili93xx.o(.text) refers to ili93xx.o(.constdata) for asc2_1206
    myiic.o(.text) refers to delay.o(.text) for delay_us
    24cxx.o(.text) refers to myiic.o(.text) for IIC_Init
    24cxx.o(.text) refers to delay.o(.text) for delay_ms
    touch.o(.text) refers to delay.o(.text) for delay_us
    touch.o(.text) refers to ili93xx.o(.text) for LCD_DrawLine
    touch.o(.text) refers to fflti.o(.text) for __aeabi_i2f
    touch.o(.text) refers to ffltui.o(.text) for __aeabi_ui2f
    touch.o(.text) refers to fmul.o(.text) for __aeabi_fmul
    touch.o(.text) refers to fadd.o(.text) for __aeabi_fadd
    touch.o(.text) refers to ffixui.o(.text) for __aeabi_f2uiz
    touch.o(.text) refers to ffixi.o(.text) for __aeabi_f2iz
    touch.o(.text) refers to 24cxx.o(.text) for AT24CXX_WriteLenByte
    touch.o(.text) refers to touch.o(.data) for CMD_RDX
    touch.o(.text) refers to ili93xx.o(.data) for POINT_COLOR
    touch.o(.text) refers to fdiv.o(.text) for __aeabi_fdiv
    touch.o(.text) refers to dfltui.o(.text) for __aeabi_ui2d
    touch.o(.text) refers to sqrt.o(i.sqrt) for sqrt
    touch.o(.text) refers to dfixui.o(.text) for __aeabi_d2uiz
    touch.o(.text) refers to f2d.o(.text) for __aeabi_f2d
    touch.o(.text) refers to ili93xx.o(.bss) for lcddev
    touch.o(.text) refers to cdcmple.o(.text) for __aeabi_cdcmple
    touch.o(.text) refers to cdrcmple.o(.text) for __aeabi_cdrcmple
    touch.o(.data) refers to touch.o(.text) for TP_Init
    touch.o(.data) refers to touch.o(.conststring) for .conststring
    ov7670.o(.text) refers to sys.o(.text) for JTAG_Set
    ov7670.o(.text) refers to sccb.o(.text) for SCCB_Init
    ov7670.o(.text) refers to delay.o(.text) for delay_ms
    ov7670.o(.text) refers to ov7670.o(.constdata) for ov7670_init_reg_tbl
    sccb.o(.text) refers to delay.o(.text) for delay_us
    motor.o(.text) refers to timer.o(.data) for PWM1
    sqrt.o(i.__softfp_sqrt) refers (Special) to iusefp.o(.text) for __I$use$fp
    sqrt.o(i.__softfp_sqrt) refers to sqrt.o(i.sqrt) for sqrt
    sqrt.o(i.sqrt) refers (Special) to iusefp.o(.text) for __I$use$fp
    sqrt.o(i.sqrt) refers to cdcmple.o(.text) for __aeabi_cdcmple
    sqrt.o(i.sqrt) refers to errno.o(i.__set_errno) for __set_errno
    sqrt.o(i.sqrt) refers to dsqrt.o(.text) for _dsqrt
    entry.o(.ARM.Collect$$$$00000000) refers (Special) to entry7.o(.ARM.Collect$$$$00000007) for _main_init
    entry.o(.ARM.Collect$$$$00000000) refers (Special) to entry5.o(.ARM.Collect$$$$00000004) for _main_scatterload
    entry.o(.ARM.Collect$$$$00000000) refers (Special) to entry2.o(.ARM.Collect$$$$00000001) for _main_stk
    fadd.o(.text) refers (Special) to iusefp.o(.text) for __I$use$fp
    fadd.o(.text) refers to fepilogue.o(.text) for _float_epilogue
    fmul.o(.text) refers (Special) to iusefp.o(.text) for __I$use$fp
    fdiv.o(.text) refers (Special) to iusefp.o(.text) for __I$use$fp
    fdiv.o(.text) refers to fepilogue.o(.text) for _float_epilogue
    fflti.o(.text) refers (Special) to iusefp.o(.text) for __I$use$fp
    fflti.o(.text) refers to fepilogue.o(.text) for _float_epilogue
    ffltui.o(.text) refers (Special) to iusefp.o(.text) for __I$use$fp
    ffltui.o(.text) refers to fepilogue.o(.text) for _float_epilogue
    dfltui.o(.text) refers (Special) to iusefp.o(.text) for __I$use$fp
    dfltui.o(.text) refers to depilogue.o(.text) for _double_epilogue
    ffixi.o(.text) refers (Special) to iusefp.o(.text) for __I$use$fp
    ffixui.o(.text) refers (Special) to iusefp.o(.text) for __I$use$fp
    dfixui.o(.text) refers (Special) to iusefp.o(.text) for __I$use$fp
    dfixui.o(.text) refers to llushr.o(.text) for __aeabi_llsr
    f2d.o(.text) refers (Special) to iusefp.o(.text) for __I$use$fp
    cdcmple.o(.text) refers (Special) to iusefp.o(.text) for __I$use$fp
    cdrcmple.o(.text) refers (Special) to iusefp.o(.text) for __I$use$fp
    entry2.o(.ARM.Collect$$$$00000001) refers to entry2.o(.ARM.Collect$$$$00002712) for __lit__00000000
    entry2.o(.ARM.Collect$$$$00002712) refers to startup_stm32f10x_hd.o(STACK) for __initial_sp
    entry2.o(__vectab_stack_and_reset_area) refers to startup_stm32f10x_hd.o(STACK) for __initial_sp
    entry2.o(__vectab_stack_and_reset_area) refers to entry.o(.ARM.Collect$$$$00000000) for __main
    entry5.o(.ARM.Collect$$$$00000004) refers to init.o(.text) for __scatterload
    entry7.o(.ARM.Collect$$$$00000007) refers to test.o(.text) for main
    errno.o(i.__aeabi_errno_addr) refers to errno.o(.data) for .data
    errno.o(i.__read_errno) refers to errno.o(.data) for .data
    errno.o(i.__set_errno) refers to errno.o(.data) for .data
    dsqrt.o(.text) refers to llushr.o(.text) for __aeabi_llsr
    dsqrt.o(.text) refers to depilogue.o(.text) for _double_epilogue
    init.o(.text) refers to entry5.o(.ARM.Collect$$$$00000004) for __main_after_scatterload


==============================================================================

Removing Unused input sections from the image.

    Removing startup_stm32f10x_hd.o(HEAP), (0 bytes).
    Removing test.o(.bss), (80 bytes).
    Removing led.o(.text), (128 bytes).
    Removing myiic.o(.text), (672 bytes).
    Removing 24cxx.o(.text), (382 bytes).
    Removing touch.o(.text), (3696 bytes).
    Removing touch.o(.conststring), (121 bytes).
    Removing touch.o(.data), (48 bytes).
    Removing ov7670.o(.text), (924 bytes).
    Removing ov7670.o(.constdata), (230 bytes).
    Removing sccb.o(.text), (688 bytes).
    Removing fflti.o(.text), (20 bytes).
    Removing dfltui.o(.text), (26 bytes).
    Removing ffixi.o(.text), (50 bytes).
    Removing dfixui.o(.text), (48 bytes).
    Removing f2d.o(.text), (36 bytes).
    Removing cdcmple.o(.text), (76 bytes).
    Removing cdrcmple.o(.text), (76 bytes).
    Removing depilogue.o(.text), (200 bytes).
    Removing dsqrt.o(.text), (176 bytes).

20 unused section(s) (total 7677 bytes) removed from the image.

==============================================================================

Image Symbol Table

    Local Symbols

    Symbol Name                              Value     Ov Type        Size  Object(Section)

    ../../microlib/errno.c                   0x00000000   Number         0  errno.o ABSOLUTE
    ../../microlib/f2d.c                     0x00000000   Number         0  f2d.o ABSOLUTE
    ../../microlib/fpadd.c                   0x00000000   Number         0  fadd.o ABSOLUTE
    ../../microlib/fpdiv.c                   0x00000000   Number         0  fdiv.o ABSOLUTE
    ../../microlib/fpepilogue.c              0x00000000   Number         0  depilogue.o ABSOLUTE
    ../../microlib/fpepilogue.c              0x00000000   Number         0  fepilogue.o ABSOLUTE
    ../../microlib/fpfix.c                   0x00000000   Number         0  ffixi.o ABSOLUTE
    ../../microlib/fpfix.c                   0x00000000   Number         0  ffixui.o ABSOLUTE
    ../../microlib/fpfix.c                   0x00000000   Number         0  dfixui.o ABSOLUTE
    ../../microlib/fpflt.c                   0x00000000   Number         0  dfltui.o ABSOLUTE
    ../../microlib/fpflt.c                   0x00000000   Number         0  ffltui.o ABSOLUTE
    ../../microlib/fpflt.c                   0x00000000   Number         0  fflti.o ABSOLUTE
    ../../microlib/fpmul.c                   0x00000000   Number         0  fmul.o ABSOLUTE
    ../../microlib/fpsqrt.c                  0x00000000   Number         0  dsqrt.o ABSOLUTE
    ../../microlib/init/entry.s              0x00000000   Number         0  entry.o ABSOLUTE
    ../../microlib/init/entry.s              0x00000000   Number         0  entry7.o ABSOLUTE
    ../../microlib/init/entry.s              0x00000000   Number         0  entry5.o ABSOLUTE
    ../../microlib/init/entry.s              0x00000000   Number         0  entry2.o ABSOLUTE
    ../../microlib/longlong.c                0x00000000   Number         0  llushr.o ABSOLUTE
    ../../microlib/string/memset.c           0x00000000   Number         0  memseta.o ABSOLUTE
    ../../microlib/stubs.s                   0x00000000   Number         0  iusefp.o ABSOLUTE
    ../../microlib/stubs.s                   0x00000000   Number         0  useno.o ABSOLUTE
    ../../sqrt.c                             0x00000000   Number         0  sqrt.o ABSOLUTE
    ..\HARDWARE\24CXX\24cxx.c                0x00000000   Number         0  24cxx.o ABSOLUTE
    ..\HARDWARE\24CXX\myiic.c                0x00000000   Number         0  myiic.o ABSOLUTE
    ..\HARDWARE\CONT\cont.c                  0x00000000   Number         0  cont.o ABSOLUTE
    ..\HARDWARE\EXTI\exti.c                  0x00000000   Number         0  exti.o ABSOLUTE
    ..\HARDWARE\KEY\key.c                    0x00000000   Number         0  key.o ABSOLUTE
    ..\HARDWARE\LCD\ILI93xx.c                0x00000000   Number         0  ili93xx.o ABSOLUTE
    ..\HARDWARE\LED\led.c                    0x00000000   Number         0  led.o ABSOLUTE
    ..\HARDWARE\MOTOR\motor.c                0x00000000   Number         0  motor.o ABSOLUTE
    ..\HARDWARE\OV7670\ov7670.c              0x00000000   Number         0  ov7670.o ABSOLUTE
    ..\HARDWARE\OV7670\sccb.c                0x00000000   Number         0  sccb.o ABSOLUTE
    ..\HARDWARE\TIMER\timer.c                0x00000000   Number         0  timer.o ABSOLUTE
    ..\HARDWARE\TOUCH\touch.c                0x00000000   Number         0  touch.o ABSOLUTE
    ..\SYSTEM\delay\delay.c                  0x00000000   Number         0  delay.o ABSOLUTE
    ..\SYSTEM\sys\sys.c                      0x00000000   Number         0  sys.o ABSOLUTE
    ..\SYSTEM\usart\usart.c                  0x00000000   Number         0  usart.o ABSOLUTE
    ..\\SYSTEM\\sys\\sys.c                   0x00000000   Number         0  sys.o ABSOLUTE
    cdcmple.s                                0x00000000   Number         0  cdcmple.o ABSOLUTE
    cdrcmple.s                               0x00000000   Number         0  cdrcmple.o ABSOLUTE
    dc.s                                     0x00000000   Number         0  dc.o ABSOLUTE
    handlers.s                               0x00000000   Number         0  handlers.o ABSOLUTE
    init.s                                   0x00000000   Number         0  init.o ABSOLUTE
    pid.c                                    0x00000000   Number         0  pid.o ABSOLUTE
    startup_stm32f10x_hd.s                   0x00000000   Number         0  startup_stm32f10x_hd.o ABSOLUTE
    test.c                                   0x00000000   Number         0  test.o ABSOLUTE
    RESET                                    0x08000000   Section      304  startup_stm32f10x_hd.o(RESET)
    .ARM.Collect$$$$00000000                 0x08000130   Section        0  entry.o(.ARM.Collect$$$$00000000)
    .ARM.Collect$$$$00000001                 0x08000130   Section        4  entry2.o(.ARM.Collect$$$$00000001)
    .ARM.Collect$$$$00000004                 0x08000134   Section        4  entry5.o(.ARM.Collect$$$$00000004)
    .ARM.Collect$$$$00000007                 0x08000138   Section        8  entry7.o(.ARM.Collect$$$$00000007)
    .ARM.Collect$$$$00002712                 0x08000140   Section        4  entry2.o(.ARM.Collect$$$$00002712)
    __lit__00000000                          0x08000140   Data           4  entry2.o(.ARM.Collect$$$$00002712)
    .emb_text                                0x08000144   Section       12  sys.o(.emb_text)
    .text                                    0x08000150   Section       48  startup_stm32f10x_hd.o(.text)
    .text                                    0x08000180   Section     2516  test.o(.text)
    .text                                    0x08000b54   Section       98  pid.o(.text)
    .text                                    0x08000bb8   Section      156  delay.o(.text)
    .text                                    0x08000c54   Section      740  sys.o(.text)
    .text                                    0x08000f38   Section      788  usart.o(.text)
    .text                                    0x0800124c   Section      272  key.o(.text)
    .text                                    0x0800135c   Section      368  exti.o(.text)
    .text                                    0x080014cc   Section      352  timer.o(.text)
    .text                                    0x0800162c   Section     9320  ili93xx.o(.text)
    .text                                    0x08003a94   Section      252  cont.o(.text)
    .text                                    0x08003b90   Section      260  motor.o(.text)
    .text                                    0x08003c94   Section       38  memseta.o(.text)
    .text                                    0x08003cba   Section      168  fadd.o(.text)
    _float_addcore                           0x08003cbb   Thumb Code   122  fadd.o(.text)
    .text                                    0x08003d62   Section      102  fmul.o(.text)
    .text                                    0x08003dc8   Section      108  fdiv.o(.text)
    .text                                    0x08003e34   Section       10  ffltui.o(.text)
    .text                                    0x08003e3e   Section       40  ffixui.o(.text)
    .text                                    0x08003e66   Section       92  fepilogue.o(.text)
    .text                                    0x08003e66   Section        0  iusefp.o(.text)
    .text                                    0x08003ec4   Section       36  init.o(.text)
    i.__scatterload_copy                     0x08003ee8   Section       14  handlers.o(i.__scatterload_copy)
    i.__scatterload_null                     0x08003ef6   Section        2  handlers.o(i.__scatterload_null)
    i.__scatterload_zeroinit                 0x08003ef8   Section       14  handlers.o(i.__scatterload_zeroinit)
    .constdata                               0x08003f06   Section     2660  ili93xx.o(.constdata)
    .data                                    0x20000000   Section        4  delay.o(.data)
    fac_us                                   0x20000000   Data           1  delay.o(.data)
    fac_ms                                   0x20000002   Data           2  delay.o(.data)
    .data                                    0x20000004   Section        8  usart.o(.data)
    .data                                    0x2000000c   Section        1  key.o(.data)
    key_up                                   0x2000000c   Data           1  key.o(.data)
    .data                                    0x2000000d   Section        1  exti.o(.data)
    .data                                    0x2000000e   Section        9  timer.o(.data)
    .data                                    0x20000018   Section        4  ili93xx.o(.data)
    .bss                                     0x2000001c   Section      400  usart.o(.bss)
    .bss                                     0x200001ac   Section       10  ili93xx.o(.bss)
    STACK                                    0x200001b8   Section     2048  startup_stm32f10x_hd.o(STACK)

    Global Symbols

    Symbol Name                              Value     Ov Type        Size  Object(Section)

    BuildAttributes$$THM_ISAv4$P$D$K$B$S$PE$A:L22UL41UL21$X:L11$S22US41US21$IEEE1$IW$USESV6$~STKCKD$USESV7$~SHL$OSPACE$ROPI$IEEEJ$EBA8$MICROLIB$REQ8$PRES8$EABIv2 0x00000000   Number         0  anon$$obj.o ABSOLUTE
    __ARM_use_no_argv                        0x00000000   Number         0  test.o ABSOLUTE
    __use_no_errno                           0x00000000   Number         0  useno.o ABSOLUTE
    __use_no_exception_handling              0x00000000   Number         0  useno.o ABSOLUTE
    __use_no_fp                              0x00000000   Number         0  useno.o ABSOLUTE
    __use_no_heap                            0x00000000   Number         0  useno.o ABSOLUTE
    __use_no_heap_region                     0x00000000   Number         0  useno.o ABSOLUTE
    __use_no_semihosting                     0x00000000   Number         0  useno.o ABSOLUTE
    __use_no_semihosting_swi                 0x00000000   Number         0  useno.o ABSOLUTE
    __use_no_signal_handling                 0x00000000   Number         0  useno.o ABSOLUTE
    __decompress                              - Undefined Weak Reference
    __Vectors_Size                           0x00000130   Number         0  startup_stm32f10x_hd.o ABSOLUTE
    __Vectors                                0x08000000   Data           4  startup_stm32f10x_hd.o(RESET)
    __Vectors_End                            0x08000130   Data           0  startup_stm32f10x_hd.o(RESET)
    __main                                   0x08000131   Thumb Code     0  entry.o(.ARM.Collect$$$$00000000)
    _main_stk                                0x08000131   Thumb Code     0  entry2.o(.ARM.Collect$$$$00000001)
    _main_scatterload                        0x08000135   Thumb Code     0  entry5.o(.ARM.Collect$$$$00000004)
    __main_after_scatterload                 0x08000139   Thumb Code     0  entry5.o(.ARM.Collect$$$$00000004)
    _main_init                               0x08000139   Thumb Code     0  entry7.o(.ARM.Collect$$$$00000007)
    WFI_SET                                  0x08000145   Thumb Code     2  sys.o(.emb_text)
    INTX_DISABLE                             0x08000147   Thumb Code     2  sys.o(.emb_text)
    INTX_ENABLE                              0x08000149   Thumb Code     2  sys.o(.emb_text)
    MSR_MSP                                  0x0800014b   Thumb Code     6  sys.o(.emb_text)
    SystemInit_ExtMemCtl                     0x08000151   Thumb Code     2  startup_stm32f10x_hd.o(.text)
    Reset_Handler                            0x08000153   Thumb Code    14  startup_stm32f10x_hd.o(.text)
    NMI_Handler                              0x08000161   Thumb Code     2  startup_stm32f10x_hd.o(.text)
    HardFault_Handler                        0x08000163   Thumb Code     2  startup_stm32f10x_hd.o(.text)
    MemManage_Handler                        0x08000165   Thumb Code     2  startup_stm32f10x_hd.o(.text)
    BusFault_Handler                         0x08000167   Thumb Code     2  startup_stm32f10x_hd.o(.text)
    UsageFault_Handler                       0x08000169   Thumb Code     2  startup_stm32f10x_hd.o(.text)
    SVC_Handler                              0x0800016b   Thumb Code     2  startup_stm32f10x_hd.o(.text)
    DebugMon_Handler                         0x0800016d   Thumb Code     2  startup_stm32f10x_hd.o(.text)
    PendSV_Handler                           0x0800016f   Thumb Code     2  startup_stm32f10x_hd.o(.text)
    SysTick_Handler                          0x08000171   Thumb Code     2  startup_stm32f10x_hd.o(.text)
    ADC1_2_IRQHandler                        0x08000173   Thumb Code     0  startup_stm32f10x_hd.o(.text)
    ADC3_IRQHandler                          0x08000173   Thumb Code     0  startup_stm32f10x_hd.o(.text)
    CAN1_RX1_IRQHandler                      0x08000173   Thumb Code     0  startup_stm32f10x_hd.o(.text)
    CAN1_SCE_IRQHandler                      0x08000173   Thumb Code     0  startup_stm32f10x_hd.o(.text)
    DMA1_Channel1_IRQHandler                 0x08000173   Thumb Code     0  startup_stm32f10x_hd.o(.text)
    DMA1_Channel2_IRQHandler                 0x08000173   Thumb Code     0  startup_stm32f10x_hd.o(.text)
    DMA1_Channel3_IRQHandler                 0x08000173   Thumb Code     0  startup_stm32f10x_hd.o(.text)
    DMA1_Channel4_IRQHandler                 0x08000173   Thumb Code     0  startup_stm32f10x_hd.o(.text)
    DMA1_Channel5_IRQHandler                 0x08000173   Thumb Code     0  startup_stm32f10x_hd.o(.text)
    DMA1_Channel6_IRQHandler                 0x08000173   Thumb Code     0  startup_stm32f10x_hd.o(.text)
    DMA1_Channel7_IRQHandler                 0x08000173   Thumb Code     0  startup_stm32f10x_hd.o(.text)
    DMA2_Channel1_IRQHandler                 0x08000173   Thumb Code     0  startup_stm32f10x_hd.o(.text)
    DMA2_Channel2_IRQHandler                 0x08000173   Thumb Code     0  startup_stm32f10x_hd.o(.text)
    DMA2_Channel3_IRQHandler                 0x08000173   Thumb Code     0  startup_stm32f10x_hd.o(.text)
    DMA2_Channel4_5_IRQHandler               0x08000173   Thumb Code     0  startup_stm32f10x_hd.o(.text)
    EXTI0_IRQHandler                         0x08000173   Thumb Code     0  startup_stm32f10x_hd.o(.text)
    EXTI15_10_IRQHandler                     0x08000173   Thumb Code     0  startup_stm32f10x_hd.o(.text)
    EXTI1_IRQHandler                         0x08000173   Thumb Code     0  startup_stm32f10x_hd.o(.text)
    FLASH_IRQHandler                         0x08000173   Thumb Code     0  startup_stm32f10x_hd.o(.text)
    FSMC_IRQHandler                          0x08000173   Thumb Code     0  startup_stm32f10x_hd.o(.text)
    I2C1_ER_IRQHandler                       0x08000173   Thumb Code     0  startup_stm32f10x_hd.o(.text)
    I2C1_EV_IRQHandler                       0x08000173   Thumb Code     0  startup_stm32f10x_hd.o(.text)
    I2C2_ER_IRQHandler                       0x08000173   Thumb Code     0  startup_stm32f10x_hd.o(.text)
    I2C2_EV_IRQHandler                       0x08000173   Thumb Code     0  startup_stm32f10x_hd.o(.text)
    PVD_IRQHandler                           0x08000173   Thumb Code     0  startup_stm32f10x_hd.o(.text)
    RCC_IRQHandler                           0x08000173   Thumb Code     0  startup_stm32f10x_hd.o(.text)
    RTCAlarm_IRQHandler                      0x08000173   Thumb Code     0  startup_stm32f10x_hd.o(.text)
    RTC_IRQHandler                           0x08000173   Thumb Code     0  startup_stm32f10x_hd.o(.text)
    SDIO_IRQHandler                          0x08000173   Thumb Code     0  startup_stm32f10x_hd.o(.text)
    SPI1_IRQHandler                          0x08000173   Thumb Code     0  startup_stm32f10x_hd.o(.text)
    SPI2_IRQHandler                          0x08000173   Thumb Code     0  startup_stm32f10x_hd.o(.text)
    SPI3_IRQHandler                          0x08000173   Thumb Code     0  startup_stm32f10x_hd.o(.text)
    TAMPER_IRQHandler                        0x08000173   Thumb Code     0  startup_stm32f10x_hd.o(.text)
    TIM1_BRK_IRQHandler                      0x08000173   Thumb Code     0  startup_stm32f10x_hd.o(.text)
    TIM1_CC_IRQHandler                       0x08000173   Thumb Code     0  startup_stm32f10x_hd.o(.text)
    TIM1_TRG_COM_IRQHandler                  0x08000173   Thumb Code     0  startup_stm32f10x_hd.o(.text)
    TIM1_UP_IRQHandler                       0x08000173   Thumb Code     0  startup_stm32f10x_hd.o(.text)
    TIM2_IRQHandler                          0x08000173   Thumb Code     0  startup_stm32f10x_hd.o(.text)
    TIM4_IRQHandler                          0x08000173   Thumb Code     0  startup_stm32f10x_hd.o(.text)
    TIM5_IRQHandler                          0x08000173   Thumb Code     0  startup_stm32f10x_hd.o(.text)
    TIM7_IRQHandler                          0x08000173   Thumb Code     0  startup_stm32f10x_hd.o(.text)
    TIM8_BRK_IRQHandler                      0x08000173   Thumb Code     0  startup_stm32f10x_hd.o(.text)
    TIM8_CC_IRQHandler                       0x08000173   Thumb Code     0  startup_stm32f10x_hd.o(.text)
    TIM8_TRG_COM_IRQHandler                  0x08000173   Thumb Code     0  startup_stm32f10x_hd.o(.text)
    TIM8_UP_IRQHandler                       0x08000173   Thumb Code     0  startup_stm32f10x_hd.o(.text)
    UART4_IRQHandler                         0x08000173   Thumb Code     0  startup_stm32f10x_hd.o(.text)
    UART5_IRQHandler                         0x08000173   Thumb Code     0  startup_stm32f10x_hd.o(.text)
    USART3_IRQHandler                        0x08000173   Thumb Code     0  startup_stm32f10x_hd.o(.text)
    USBWakeUp_IRQHandler                     0x08000173   Thumb Code     0  startup_stm32f10x_hd.o(.text)
    USB_HP_CAN1_TX_IRQHandler                0x08000173   Thumb Code     0  startup_stm32f10x_hd.o(.text)
    USB_LP_CAN1_RX0_IRQHandler               0x08000173   Thumb Code     0  startup_stm32f10x_hd.o(.text)
    WWDG_IRQHandler                          0x08000173   Thumb Code     0  startup_stm32f10x_hd.o(.text)
    MoveByPid                                0x08000181   Thumb Code   136  test.o(.text)
    main                                     0x08000209   Thumb Code  2298  test.o(.text)
    PIDInit                                  0x08000b55   Thumb Code    28  pid.o(.text)
    PIDCale                                  0x08000b71   Thumb Code    70  pid.o(.text)
    delay_init                               0x08000bb9   Thumb Code    46  delay.o(.text)
    delay_us                                 0x08000be7   Thumb Code    52  delay.o(.text)
    delay_ms                                 0x08000c1b   Thumb Code    54  delay.o(.text)
    MY_NVIC_SetVectorTable                   0x08000c55   Thumb Code    12  sys.o(.text)
    MY_NVIC_PriorityGroupConfig              0x08000c61   Thumb Code    36  sys.o(.text)
    MY_NVIC_Init                             0x08000c85   Thumb Code   148  sys.o(.text)
    Ex_NVIC_Config                           0x08000d19   Thumb Code   148  sys.o(.text)
    MYRCC_DeInit                             0x08000dad   Thumb Code    90  sys.o(.text)
    Sys_Standby                              0x08000e07   Thumb Code    70  sys.o(.text)
    Sys_Soft_Reset                           0x08000e4d   Thumb Code    12  sys.o(.text)
    JTAG_Set                                 0x08000e59   Thumb Code    44  sys.o(.text)
    Stm32_Clock_Init                         0x08000e85   Thumb Code   130  sys.o(.text)
    _sys_exit                                0x08000f39   Thumb Code     6  usart.o(.text)
    fputc                                    0x08000f3f   Thumb Code    22  usart.o(.text)
    USART1_IRQHandler                        0x08000f55   Thumb Code   178  usart.o(.text)
    USART2_IRQHandler                        0x08001007   Thumb Code   118  usart.o(.text)
    uart_init                                0x0800107d   Thumb Code   420  usart.o(.text)
    KEY_Init                                 0x0800124d   Thumb Code    94  key.o(.text)
    KEY_Scan                                 0x080012ab   Thumb Code   138  key.o(.text)
    EXTI2_IRQHandler                         0x0800135d   Thumb Code    38  exti.o(.text)
    EXTI3_IRQHandler                         0x08001383   Thumb Code    44  exti.o(.text)
    EXTI4_IRQHandler                         0x080013af   Thumb Code    60  exti.o(.text)
    EXTIX_Init                               0x080013eb   Thumb Code    96  exti.o(.text)
    EXTI9_5_IRQHandler                       0x0800144b   Thumb Code    74  exti.o(.text)
    EXTI8_Init                               0x08001495   Thumb Code    26  exti.o(.text)
    TIM3_IRQHandler                          0x080014cd   Thumb Code   144  timer.o(.text)
    TIM3_Init                                0x0800155d   Thumb Code    72  timer.o(.text)
    TIM6_IRQHandler                          0x080015a5   Thumb Code    30  timer.o(.text)
    TIM6_Int_Init                            0x080015c3   Thumb Code    58  timer.o(.text)
    LCD_WR_REG                               0x0800162d   Thumb Code     6  ili93xx.o(.text)
    LCD_WR_DATA                              0x08001633   Thumb Code     8  ili93xx.o(.text)
    LCD_RD_DATA                              0x0800163b   Thumb Code     8  ili93xx.o(.text)
    LCD_WriteReg                             0x08001643   Thumb Code    14  ili93xx.o(.text)
    LCD_ReadReg                              0x08001651   Thumb Code    22  ili93xx.o(.text)
    LCD_WriteRAM_Prepare                     0x08001667   Thumb Code    10  ili93xx.o(.text)
    LCD_WriteRAM                             0x08001671   Thumb Code     8  ili93xx.o(.text)
    LCD_BGR2RGB                              0x08001679   Thumb Code    26  ili93xx.o(.text)
    opt_delay                                0x08001693   Thumb Code    14  ili93xx.o(.text)
    LCD_SetCursor                            0x080016a1   Thumb Code   112  ili93xx.o(.text)
    LCD_ReadPoint                            0x08001711   Thumb Code   272  ili93xx.o(.text)
    LCD_DisplayOn                            0x08001821   Thumb Code    46  ili93xx.o(.text)
    LCD_DisplayOff                           0x0800184f   Thumb Code    44  ili93xx.o(.text)
    LCD_Scan_Dir                             0x0800187b   Thumb Code   464  ili93xx.o(.text)
    LCD_DrawPoint                            0x08001a4b   Thumb Code    28  ili93xx.o(.text)
    LCD_Fast_DrawPoint                       0x08001a67   Thumb Code   132  ili93xx.o(.text)
    LCD_Display_Dir                          0x08001aeb   Thumb Code   238  ili93xx.o(.text)
    LCD_Clear                                0x08001bd9   Thumb Code    42  ili93xx.o(.text)
    LCD_Init                                 0x08001c03   Thumb Code  6344  ili93xx.o(.text)
    LCD_Fill                                 0x080034cb   Thumb Code    84  ili93xx.o(.text)
    LCD_Color_Fill                           0x0800351f   Thumb Code   102  ili93xx.o(.text)
    LCD_DrawLine                             0x08003585   Thumb Code   200  ili93xx.o(.text)
    LCD_DrawRectangle                        0x0800364d   Thumb Code    60  ili93xx.o(.text)
    Draw_Circle                              0x08003689   Thumb Code   184  ili93xx.o(.text)
    LCD_ShowChar                             0x08003741   Thumb Code   346  ili93xx.o(.text)
    LCD_Pow                                  0x0800389b   Thumb Code    22  ili93xx.o(.text)
    LCD_ShowNum                              0x080038b1   Thumb Code   158  ili93xx.o(.text)
    LCD_ShowxNum                             0x0800394f   Thumb Code   200  ili93xx.o(.text)
    LCD_ShowString                           0x08003a17   Thumb Code   104  ili93xx.o(.text)
    CONT_Init                                0x08003a95   Thumb Code   232  cont.o(.text)
    MOTOR_Init                               0x08003b91   Thumb Code    44  motor.o(.text)
    MOTOR_Control                            0x08003bbd   Thumb Code   180  motor.o(.text)
    __aeabi_memset                           0x08003c95   Thumb Code    14  memseta.o(.text)
    __aeabi_memset4                          0x08003c95   Thumb Code     0  memseta.o(.text)
    __aeabi_memset8                          0x08003c95   Thumb Code     0  memseta.o(.text)
    __aeabi_memclr                           0x08003ca3   Thumb Code     4  memseta.o(.text)
    __aeabi_memclr4                          0x08003ca3   Thumb Code     0  memseta.o(.text)
    __aeabi_memclr8                          0x08003ca3   Thumb Code     0  memseta.o(.text)
    _memset$wrapper                          0x08003ca7   Thumb Code    20  memseta.o(.text)
    __aeabi_fadd                             0x08003d35   Thumb Code    14  fadd.o(.text)
    __aeabi_fsub                             0x08003d43   Thumb Code    14  fadd.o(.text)
    __aeabi_frsub                            0x08003d51   Thumb Code    18  fadd.o(.text)
    __aeabi_fmul                             0x08003d63   Thumb Code   102  fmul.o(.text)
    __aeabi_fdiv                             0x08003dc9   Thumb Code   108  fdiv.o(.text)
    __aeabi_ui2f                             0x08003e35   Thumb Code    10  ffltui.o(.text)
    __aeabi_f2uiz                            0x08003e3f   Thumb Code    40  ffixui.o(.text)
    __I$use$fp                               0x08003e67   Thumb Code     0  iusefp.o(.text)
    _float_round                             0x08003e67   Thumb Code    18  fepilogue.o(.text)
    _float_epilogue                          0x08003e79   Thumb Code    74  fepilogue.o(.text)
    __scatterload                            0x08003ec5   Thumb Code    28  init.o(.text)
    __scatterload_rt2                        0x08003ec5   Thumb Code     0  init.o(.text)
    __scatterload_copy                       0x08003ee9   Thumb Code    14  handlers.o(i.__scatterload_copy)
    __scatterload_null                       0x08003ef7   Thumb Code     2  handlers.o(i.__scatterload_null)
    __scatterload_zeroinit                   0x08003ef9   Thumb Code    14  handlers.o(i.__scatterload_zeroinit)
    asc2_1206                                0x08003f06   Data        1140  ili93xx.o(.constdata)
    asc2_1608                                0x0800437a   Data        1520  ili93xx.o(.constdata)
    Region$$Table$$Base                      0x0800496c   Number         0  anon$$obj.o(Region$$Table)
    Region$$Table$$Limit                     0x0800498c   Number         0  anon$$obj.o(Region$$Table)
    USART1_RX_STA                            0x20000004   Data           2  usart.o(.data)
    USART2_RX_STA                            0x20000006   Data           2  usart.o(.data)
    __stdout                                 0x20000008   Data           4  usart.o(.data)
    ov_sta                                   0x2000000d   Data           1  exti.o(.data)
    PWM1                                     0x2000000e   Data           2  timer.o(.data)
    PWM2                                     0x20000010   Data           2  timer.o(.data)
    PWM3                                     0x20000012   Data           2  timer.o(.data)
    PWM4                                     0x20000014   Data           2  timer.o(.data)
    ov_frame                                 0x20000016   Data           1  timer.o(.data)
    POINT_COLOR                              0x20000018   Data           2  ili93xx.o(.data)
    BACK_COLOR                               0x2000001a   Data           2  ili93xx.o(.data)
    USART1_RX_BUF                            0x2000001c   Data         200  usart.o(.bss)
    USART2_RX_BUF                            0x200000e4   Data         200  usart.o(.bss)
    lcddev                                   0x200001ac   Data          10  ili93xx.o(.bss)
    __initial_sp                             0x200009b8   Data           0  startup_stm32f10x_hd.o(STACK)



==============================================================================

Memory Map of the image

  Image Entry point : 0x08000131

  Load Region LR_IROM1 (Base: 0x08000000, Size: 0x000049a8, Max: 0x00080000, ABSOLUTE)

    Execution Region ER_IROM1 (Base: 0x08000000, Size: 0x0000498c, Max: 0x00080000, ABSOLUTE)

    Base Addr    Size         Type   Attr      Idx    E Section Name        Object

    0x08000000   0x00000130   Data   RO            3    RESET               startup_stm32f10x_hd.o
    0x08000130   0x00000000   Code   RO          399  * .ARM.Collect$$$$00000000  entry.o(mc_w.l)
    0x08000130   0x00000004   Code   RO          428    .ARM.Collect$$$$00000001  entry2.o(mc_w.l)
    0x08000134   0x00000004   Code   RO          431    .ARM.Collect$$$$00000004  entry5.o(mc_w.l)
    0x08000138   0x00000008   Code   RO          432    .ARM.Collect$$$$00000007  entry7.o(mc_w.l)
    0x08000140   0x00000004   Code   RO          429    .ARM.Collect$$$$00002712  entry2.o(mc_w.l)
    0x08000144   0x0000000c   Code   RO          132    .emb_text           sys.o
    0x08000150   0x00000030   Code   RO            4    .text               startup_stm32f10x_hd.o
    0x08000180   0x000009d4   Code   RO           10    .text               test.o
    0x08000b54   0x00000062   Code   RO           94    .text               pid.o
    0x08000bb6   0x00000002   PAD
    0x08000bb8   0x0000009c   Code   RO          112    .text               delay.o
    0x08000c54   0x000002e4   Code   RO          133    .text               sys.o
    0x08000f38   0x00000314   Code   RO          148    .text               usart.o
    0x0800124c   0x00000110   Code   RO          190    .text               key.o
    0x0800135c   0x00000170   Code   RO          206    .text               exti.o
    0x080014cc   0x00000160   Code   RO          234    .text               timer.o
    0x0800162c   0x00002468   Code   RO          258    .text               ili93xx.o
    0x08003a94   0x000000fc   Code   RO          371    .text               cont.o
    0x08003b90   0x00000104   Code   RO          383    .text               motor.o
    0x08003c94   0x00000026   Code   RO          402    .text               memseta.o(mc_w.l)
    0x08003cba   0x000000a8   Code   RO          404    .text               fadd.o(mf_w.l)
    0x08003d62   0x00000066   Code   RO          406    .text               fmul.o(mf_w.l)
    0x08003dc8   0x0000006c   Code   RO          408    .text               fdiv.o(mf_w.l)
    0x08003e34   0x0000000a   Code   RO          412    .text               ffltui.o(mf_w.l)
    0x08003e3e   0x00000028   Code   RO          418    .text               ffixui.o(mf_w.l)
    0x08003e66   0x00000000   Code   RO          442    .text               iusefp.o(mc_w.l)
    0x08003e66   0x0000005c   Code   RO          443    .text               fepilogue.o(mf_w.l)
    0x08003ec2   0x00000002   PAD
    0x08003ec4   0x00000024   Code   RO          449    .text               init.o(mc_w.l)
    0x08003ee8   0x0000000e   Code   RO          453    i.__scatterload_copy  handlers.o(mc_w.l)
    0x08003ef6   0x00000002   Code   RO          454    i.__scatterload_null  handlers.o(mc_w.l)
    0x08003ef8   0x0000000e   Code   RO          455    i.__scatterload_zeroinit  handlers.o(mc_w.l)
    0x08003f06   0x00000a64   Data   RO          260    .constdata          ili93xx.o
    0x0800496a   0x00000002   PAD
    0x0800496c   0x00000020   Data   RO          451    Region$$Table       anon$$obj.o


    Execution Region RW_IRAM1 (Base: 0x20000000, Size: 0x000009b8, Max: 0x00010000, ABSOLUTE)

    Base Addr    Size         Type   Attr      Idx    E Section Name        Object

    0x20000000   0x00000004   Data   RW          113    .data               delay.o
    0x20000004   0x00000008   Data   RW          150    .data               usart.o
    0x2000000c   0x00000001   Data   RW          191    .data               key.o
    0x2000000d   0x00000001   Data   RW          207    .data               exti.o
    0x2000000e   0x00000009   Data   RW          235    .data               timer.o
    0x20000017   0x00000001   PAD
    0x20000018   0x00000004   Data   RW          261    .data               ili93xx.o
    0x2000001c   0x00000190   Zero   RW          149    .bss                usart.o
    0x200001ac   0x0000000a   Zero   RW          259    .bss                ili93xx.o
    0x200001b6   0x00000002   PAD
    0x200001b8   0x00000800   Zero   RW            1    STACK               startup_stm32f10x_hd.o


==============================================================================

Image component sizes


      Code (inc. data)   RO Data    RW Data    ZI Data      Debug   Object Name

       252         20          0          0          0        496   cont.o
       156          4          0          4          0       1015   delay.o
       368         30          0          1          0       1435   exti.o
      9320        132       2660          4         10      16148   ili93xx.o
       272         40          0          1          0        816   key.o
       260         36          0          0          0        839   motor.o
        98          0          0          0          0       1414   pid.o
        48         12        304          0       2048        516   startup_stm32f10x_hd.o
       752         50          0          0          0       2763   sys.o
      2516        252          0          0          0       5681   test.o
       352         48          0          9          0       1469   timer.o
       788         44          0          8        400       3650   usart.o

    ----------------------------------------------------------------------
     15184        668       2998         28       2460      36242   Object Totals
         0          0         32          0          0          0   (incl. Generated)
         2          0          2          1          2          0   (incl. Padding)

    ----------------------------------------------------------------------

      Code (inc. data)   RO Data    RW Data    ZI Data      Debug   Library Member Name

         0          0          0          0          0          0   entry.o
         8          4          0          0          0          0   entry2.o
         4          0          0          0          0          0   entry5.o
         8          4          0          0          0          0   entry7.o
       168          0          0          0          0        144   fadd.o
       108          0          0          0          0         96   fdiv.o
        92          0          0          0          0        152   fepilogue.o
        40          0          0          0          0         68   ffixui.o
        10          0          0          0          0         68   ffltui.o
       102          0          0          0          0         76   fmul.o
        30          0          0          0          0          0   handlers.o
        36          8          0          0          0         68   init.o
         0          0          0          0          0          0   iusefp.o
        38          0          0          0          0        108   memseta.o

    ----------------------------------------------------------------------
       646         16          0          0          0        780   Library Totals
         2          0          0          0          0          0   (incl. Padding)

    ----------------------------------------------------------------------

      Code (inc. data)   RO Data    RW Data    ZI Data      Debug   Library Name

       124         16          0          0          0        176   mc_w.l
       520          0          0          0          0        604   mf_w.l

    ----------------------------------------------------------------------
       646         16          0          0          0        780   Library Totals

    ----------------------------------------------------------------------

==============================================================================


      Code (inc. data)   RO Data    RW Data    ZI Data      Debug   

     15830        684       2998         28       2460      35772   Grand Totals
     15830        684       2998         28       2460      35772   ELF Image Totals
     15830        684       2998         28          0          0   ROM Totals

==============================================================================

    Total RO  Size (Code + RO Data)                18828 (  18.39kB)
    Total RW  Size (RW Data + ZI Data)              2488 (   2.43kB)
    Total ROM Size (Code + RO Data + RW Data)      18856 (  18.41kB)

==============================================================================

